Component: ARM Compiler 5.06 update 6 (build 750) Tool: armlink [4d35ed]

==============================================================================

Section Cross References

    main.o(i.main) refers to sys_tick.o(i.SysTick_Init) for SysTick_Init
    main.o(i.main) refers to usart.o(i.Usart_Init) for Usart_Init
    main.o(i.main) refers to fashion_star_uart_servo_examples.o(i.FSUSExample_PingServo) for FSUSExample_PingServo
    system_stm32f4xx.o(i.SystemCoreClockUpdate) refers to system_stm32f4xx.o(.data) for .data
    system_stm32f4xx.o(i.SystemInit) refers to system_stm32f4xx.o(i.SetSysClock) for SetSysClock
    fashion_star_uart_servo_examples.o(i.FSUSExample_BEGIN_ENDASYNC) refers to fashion_star_uart_servo.o(i.FSUS_BeginAsync) for FSUS_BeginAsync
    fashion_star_uart_servo_examples.o(i.FSUSExample_BEGIN_ENDASYNC) refers to printfa.o(i.__0printf) for __2printf
    fashion_star_uart_servo_examples.o(i.FSUSExample_BEGIN_ENDASYNC) refers to fashion_star_uart_servo.o(i.FSUS_SetServoAngle) for FSUS_SetServoAngle
    fashion_star_uart_servo_examples.o(i.FSUSExample_BEGIN_ENDASYNC) refers to fashion_star_uart_servo.o(i.FSUS_QueryServoAngle) for FSUS_QueryServoAngle
    fashion_star_uart_servo_examples.o(i.FSUSExample_BEGIN_ENDASYNC) refers to f2d.o(.text) for __aeabi_f2d
    fashion_star_uart_servo_examples.o(i.FSUSExample_BEGIN_ENDASYNC) refers to sys_tick.o(i.SysTick_DelayMs) for SysTick_DelayMs
    fashion_star_uart_servo_examples.o(i.FSUSExample_BEGIN_ENDASYNC) refers to fashion_star_uart_servo.o(i.FSUS_EndAsync) for FSUS_EndAsync
    fashion_star_uart_servo_examples.o(i.FSUSExample_BEGIN_ENDASYNC) refers to fashion_star_uart_servo_examples.o(.data) for .data
    fashion_star_uart_servo_examples.o(i.FSUSExample_MONTIOR) refers to fashion_star_uart_servo.o(i.FSUS_DampingMode) for FSUS_DampingMode
    fashion_star_uart_servo_examples.o(i.FSUSExample_MONTIOR) refers to fashion_star_uart_servo.o(i.FSUS_ServoMonitor) for FSUS_ServoMonitor
    fashion_star_uart_servo_examples.o(i.FSUSExample_MONTIOR) refers to printfa.o(i.__0printf) for __2printf
    fashion_star_uart_servo_examples.o(i.FSUSExample_MONTIOR) refers to f2d.o(.text) for __aeabi_f2d
    fashion_star_uart_servo_examples.o(i.FSUSExample_MONTIOR) refers to sys_tick.o(i.SysTick_DelayMs) for SysTick_DelayMs
    fashion_star_uart_servo_examples.o(i.FSUSExample_MONTIOR) refers to fashion_star_uart_servo_examples.o(.data) for .data
    fashion_star_uart_servo_examples.o(i.FSUSExample_PingServo) refers to printfa.o(i.__0printf) for __2printf
    fashion_star_uart_servo_examples.o(i.FSUSExample_PingServo) refers to fashion_star_uart_servo.o(i.FSUS_Ping) for FSUS_Ping
    fashion_star_uart_servo_examples.o(i.FSUSExample_PingServo) refers to sys_tick.o(i.SysTick_DelayMs) for SysTick_DelayMs
    fashion_star_uart_servo_examples.o(i.FSUSExample_PingServo) refers to fashion_star_uart_servo_examples.o(.data) for .data
    fashion_star_uart_servo_examples.o(i.FSUSExample_ReadData) refers to fashion_star_uart_servo.o(i.FSUS_ReadData) for FSUS_ReadData
    fashion_star_uart_servo_examples.o(i.FSUSExample_ReadData) refers to printfa.o(i.__0printf) for __2printf
    fashion_star_uart_servo_examples.o(i.FSUSExample_ReadData) refers to dflti.o(.text) for __aeabi_i2d
    fashion_star_uart_servo_examples.o(i.FSUSExample_ReadData) refers to dadd.o(.text) for __aeabi_dsub
    fashion_star_uart_servo_examples.o(i.FSUSExample_ReadData) refers to ddiv.o(.text) for __aeabi_ddiv
    fashion_star_uart_servo_examples.o(i.FSUSExample_ReadData) refers to log.o(i.__hardfp_log) for __hardfp_log
    fashion_star_uart_servo_examples.o(i.FSUSExample_ReadData) refers to fashion_star_uart_servo_examples.o(.data) for .data
    fashion_star_uart_servo_examples.o(i.FSUSExample_ResetData) refers to fashion_star_uart_servo.o(i.FSUS_ResetUserData) for FSUS_ResetUserData
    fashion_star_uart_servo_examples.o(i.FSUSExample_ResetData) refers to printfa.o(i.__0printf) for __2printf
    fashion_star_uart_servo_examples.o(i.FSUSExample_ResetData) refers to fashion_star_uart_servo_examples.o(.data) for .data
    fashion_star_uart_servo_examples.o(i.FSUSExample_SYNC) refers to fashion_star_uart_servo.o(i.FSUS_SyncCommand) for FSUS_SyncCommand
    fashion_star_uart_servo_examples.o(i.FSUSExample_SYNC) refers to sys_tick.o(i.SysTick_DelayMs) for SysTick_DelayMs
    fashion_star_uart_servo_examples.o(i.FSUSExample_SYNC) refers to fashion_star_uart_servo.o(.bss) for SyncArray
    fashion_star_uart_servo_examples.o(i.FSUSExample_SYNC) refers to fashion_star_uart_servo_examples.o(.data) for .data
    fashion_star_uart_servo_examples.o(i.FSUSExample_SetNServoAngle) refers to fashion_star_uart_servo.o(i.FSUS_SetServoAngle) for FSUS_SetServoAngle
    fashion_star_uart_servo_examples.o(i.FSUSExample_SetNServoAngle) refers to sys_tick.o(i.SysTick_DelayMs) for SysTick_DelayMs
    fashion_star_uart_servo_examples.o(i.FSUSExample_SetNServoAngle) refers to fashion_star_uart_servo_examples.o(.data) for .data
[...]
    printf3.o(i.__0vsprintf$3) refers to printf3.o(i._printf_core) for _printf_core
    printf3.o(i.__0vsprintf$3) refers to printf3.o(i._sputc) for _sputc
    printf3.o(i._printf_core) refers to uidiv.o(.text) for __aeabi_uidivmod
    printf4.o(i.__0fprintf$4) refers to printf4.o(i._printf_core) for _printf_core
    printf4.o(i.__0fprintf$4) refers to usart.o(i.fputc) for fputc
    printf4.o(i.__0printf$4) refers to printf4.o(i._printf_core) for _printf_core
    printf4.o(i.__0printf$4) refers to usart.o(i.fputc) for fputc
    printf4.o(i.__0printf$4) refers to usart.o(.data) for __stdout
    printf4.o(i.__0snprintf$4) refers to printf4.o(i._printf_core) for _printf_core
    printf4.o(i.__0snprintf$4) refers to printf4.o(i._snputc) for _snputc
    printf4.o(i.__0sprintf$4) refers to printf4.o(i._printf_core) for _printf_core
    printf4.o(i.__0sprintf$4) refers to printf4.o(i._sputc) for _sputc
    printf4.o(i.__0vfprintf$4) refers to printf4.o(i._printf_core) for _printf_core
    printf4.o(i.__0vfprintf$4) refers to usart.o(i.fputc) for fputc
    printf4.o(i.__0vprintf$4) refers to printf4.o(i._printf_core) for _printf_core
    printf4.o(i.__0vprintf$4) refers to usart.o(i.fputc) for fputc
    printf4.o(i.__0vprintf$4) refers to usart.o(.data) for __stdout
    printf4.o(i.__0vsnprintf$4) refers to printf4.o(i._printf_core) for _printf_core
    printf4.o(i.__0vsnprintf$4) refers to printf4.o(i._snputc) for _snputc
    printf4.o(i.__0vsprintf$4) refers to printf4.o(i._printf_core) for _printf_core
    printf4.o(i.__0vsprintf$4) refers to printf4.o(i._sputc) for _sputc
    printf4.o(i._printf_core) refers to uldiv.o(.text) for __aeabi_uldivmod
    printf5.o(i.__0fprintf$5) refers to printf5.o(i._printf_core) for _printf_core
    printf5.o(i.__0fprintf$5) refers to usart.o(i.fputc) for fputc
    printf5.o(i.__0printf$5) refers to printf5.o(i._printf_core) for _printf_core
    printf5.o(i.__0printf$5) refers to usart.o(i.fputc) for fputc
    printf5.o(i.__0printf$5) refers to usart.o(.data) for __stdout
    printf5.o(i.__0snprintf$5) refers to printf5.o(i._printf_core) for _printf_core
    printf5.o(i.__0snprintf$5) refers to printf5.o(i._snputc) for _snputc
    printf5.o(i.__0sprintf$5) refers to printf5.o(i._printf_core) for _printf_core
    printf5.o(i.__0sprintf$5) refers to printf5.o(i._sputc) for _sputc
    printf5.o(i.__0vfprintf$5) refers to printf5.o(i._printf_core) for _printf_core
    printf5.o(i.__0vfprintf$5) refers to usart.o(i.fputc) for fputc
    printf5.o(i.__0vprintf$5) refers to printf5.o(i._printf_core) for _printf_core
    printf5.o(i.__0vprintf$5) refers to usart.o(i.fputc) for fputc
    printf5.o(i.__0vprintf$5) refers to usart.o(.data) for __stdout
    printf5.o(i.__0vsnprintf$5) refers to printf5.o(i._printf_core) for _printf_core
    printf5.o(i.__0vsnprintf$5) refers to printf5.o(i._snputc) for _snputc
    printf5.o(i.__0vsprintf$5) refers to printf5.o(i._printf_core) for _printf_core
    printf5.o(i.__0vsprintf$5) refers to printf5.o(i._sputc) for _sputc
    printf5.o(i._printf_core) refers to uldiv.o(.text) for __aeabi_uldivmod
    printf6.o(i.__0fprintf$6) refers to printf6.o(i._printf_core) for _printf_core
    printf6.o(i.__0fprintf$6) refers to usart.o(i.fputc) for fputc
    printf6.o(i.__0printf$6) refers to printf6.o(i._printf_core) for _printf_core
    printf6.o(i.__0printf$6) refers to usart.o(i.fputc) for fputc
    printf6.o(i.__0printf$6) refers to usart.o(.data) for __stdout
    printf6.o(i.__0snprintf$6) refers to printf6.o(i._printf_core) for _printf_core
    printf6.o(i.__0snprintf$6) refers to printf6.o(i._snputc) for _snputc
    printf6.o(i.__0sprintf$6) refers to printf6.o(i._printf_core) for _printf_core
    printf6.o(i.__0sprintf$6) refers to printf6.o(i._sputc) for _sputc
    printf6.o(i.__0vfprintf$6) refers to printf6.o(i._printf_core) for _printf_core
    printf6.o(i.__0vfprintf$6) refers to usart.o(i.fputc) for fputc
    printf6.o(i.__0vprintf$6) refers to printf6.o(i._printf_core) for _printf_core
    printf6.o(i.__0vprintf$6) refers to usart.o(i.fputc) for fputc
    printf6.o(i.__0vprintf$6) refers to usart.o(.data) for __stdout
    printf6.o(i.__0vsnprintf$6) refers to printf6.o(i._printf_core) for _printf_core
    printf6.o(i.__0vsnprintf$6) refers to printf6.o(i._snputc) for _snputc
    printf6.o(i.__0vsprintf$6) refers to printf6.o(i._printf_core) for _printf_core
    printf6.o(i.__0vsprintf$6) refers to printf6.o(i._sputc) for _sputc
    printf6.o(i._printf_core) refers to printf6.o(i._printf_pre_padding) for _printf_pre_padding
    printf6.o(i._printf_core) refers to uidiv.o(.text) for __aeabi_uidivmod
    printf6.o(i._printf_core) refers to printf6.o(i._printf_post_padding) for _printf_post_padding
    printf7.o(i.__0fprintf$7) refers to printf7.o(i._printf_core) for _printf_core
    printf7.o(i.__0fprintf$7) refers to usart.o(i.fputc) for fputc
    printf7.o(i.__0printf$7) refers to printf7.o(i._printf_core) for _printf_core
    printf7.o(i.__0printf$7) refers to usart.o(i.fputc) for fputc
    printf7.o(i.__0printf$7) refers to usart.o(.data) for __stdout
    printf7.o(i.__0snprintf$7) refers to printf7.o(i._printf_core) for _printf_core
    printf7.o(i.__0snprintf$7) refers to printf7.o(i._snputc) for _snputc
    printf7.o(i.__0sprintf$7) refers to printf7.o(i._printf_core) for _printf_core
    printf7.o(i.__0sprintf$7) refers to printf7.o(i._sputc) for _sputc
    printf7.o(i.__0vfprintf$7) refers to printf7.o(i._printf_core) for _printf_core
    printf7.o(i.__0vfprintf$7) refers to usart.o(i.fputc) for fputc
    printf7.o(i.__0vprintf$7) refers to printf7.o(i._printf_core) for _printf_core
    printf7.o(i.__0vprintf$7) refers to usart.o(i.fputc) for fputc
    printf7.o(i.__0vprintf$7) refers to usart.o(.data) for __stdout
    printf7.o(i.__0vsnprintf$7) refers to printf7.o(i._printf_core) for _printf_core
    printf7.o(i.__0vsnprintf$7) refers to printf7.o(i._snputc) for _snputc
    printf7.o(i.__0vsprintf$7) refers to printf7.o(i._printf_core) for _printf_core
    printf7.o(i.__0vsprintf$7) refers to printf7.o(i._sputc) for _sputc
    printf7.o(i._printf_core) refers to printf7.o(i._printf_pre_padding) for _printf_pre_padding
    printf7.o(i._printf_core) refers to uldiv.o(.text) for __aeabi_uldivmod
    printf7.o(i._printf_core) refers to printf7.o(i._printf_post_padding) for _printf_post_padding
    printf8.o(i.__0fprintf$8) refers to printf8.o(i._printf_core) for _printf_core
    printf8.o(i.__0fprintf$8) refers to usart.o(i.fputc) for fputc
    printf8.o(i.__0printf$8) refers to printf8.o(i._printf_core) for _printf_core
    printf8.o(i.__0printf$8) refers to usart.o(i.fputc) for fputc
    printf8.o(i.__0printf$8) refers to usart.o(.data) for __stdout
    printf8.o(i.__0snprintf$8) refers to printf8.o(i._printf_core) for _printf_core
    printf8.o(i.__0snprintf$8) refers to printf8.o(i._snputc) for _snputc
    printf8.o(i.__0sprintf$8) refers to printf8.o(i._printf_core) for _printf_core
    printf8.o(i.__0sprintf$8) refers to printf8.o(i._sputc) for _sputc
    printf8.o(i.__0vfprintf$8) refers to printf8.o(i._printf_core) for _printf_core
    printf8.o(i.__0vfprintf$8) refers to usart.o(i.fputc) for fputc
    printf8.o(i.__0vprintf$8) refers to printf8.o(i._printf_core) for _printf_core
    printf8.o(i.__0vprintf$8) refers to usart.o(i.fputc) for fputc
    printf8.o(i.__0vprintf$8) refers to usart.o(.data) for __stdout
    printf8.o(i.__0vsnprintf$8) refers to printf8.o(i._printf_core) for _printf_core
    printf8.o(i.__0vsnprintf$8) refers to printf8.o(i._snputc) for _snputc
    printf8.o(i.__0vsprintf$8) refers to printf8.o(i._printf_core) for _printf_core
    printf8.o(i.__0vsprintf$8) refers to printf8.o(i._sputc) for _sputc
    printf8.o(i._printf_core) refers to printf8.o(i._printf_pre_padding) for _printf_pre_padding
    printf8.o(i._printf_core) refers to uldiv.o(.text) for __aeabi_uldivmod
    printf8.o(i._printf_core) refers to printf8.o(i._printf_post_padding) for _printf_post_padding
    printfa.o(i.__0fprintf) refers (Special) to iusefp.o(.text) for __I$use$fp
    printfa.o(i.__0fprintf) refers to printfa.o(i._printf_core) for _printf_core
    printfa.o(i.__0fprintf) refers to usart.o(i.fputc) for fputc
    printfa.o(i.__0printf) refers (Special) to iusefp.o(.text) for __I$use$fp
    printfa.o(i.__0printf) refers to printfa.o(i._printf_core) for _printf_core
    printfa.o(i.__0printf) refers to usart.o(i.fputc) for fputc
    printfa.o(i.__0printf) refers to usart.o(.data) for __stdout
    printfa.o(i.__0snprintf) refers (Special) to iusefp.o(.text) for __I$use$fp
    printfa.o(i.__0snprintf) refers to printfa.o(i._printf_core) for _printf_core
    printfa.o(i.__0snprintf) refers to printfa.o(i._snputc) for _snputc
    printfa.o(i.__0sprintf) refers (Special) to iusefp.o(.text) for __I$use$fp
    printfa.o(i.__0sprintf) refers to printfa.o(i._printf_core) for _printf_core
    printfa.o(i.__0sprintf) refers to printfa.o(i._sputc) for _sputc
    printfa.o(i.__0vfprintf) refers (Special) to iusefp.o(.text) for __I$use$fp
    printfa.o(i.__0vfprintf) refers to printfa.o(i._printf_core) for _printf_core
    printfa.o(i.__0vfprintf) refers to usart.o(i.fputc) for fputc
    printfa.o(i.__0vprintf) refers (Special) to iusefp.o(.text) for __I$use$fp
    printfa.o(i.__0vprintf) refers to printfa.o(i._printf_core) for _printf_core
    printfa.o(i.__0vprintf) refers to usart.o(i.fputc) for fputc
    printfa.o(i.__0vprintf) refers to usart.o(.data) for __stdout
    printfa.o(i.__0vsnprintf) refers (Special) to iusefp.o(.text) for __I$use$fp
    printfa.o(i.__0vsnprintf) refers to printfa.o(i._printf_core) for _printf_core
    printfa.o(i.__0vsnprintf) refers to printfa.o(i._snputc) for _snputc
    printfa.o(i.__0vsprintf) refers (Special) to iusefp.o(.text) for __I$use$fp
    printfa.o(i.__0vsprintf) refers to printfa.o(i._printf_core) for _printf_core
    printfa.o(i.__0vsprintf) refers to printfa.o(i._sputc) for _sputc
    printfa.o(i._fp_digits) refers (Special) to iusefp.o(.text) for __I$use$fp
    printfa.o(i._fp_digits) refers to dmul.o(.text) for __aeabi_dmul
    printfa.o(i._fp_digits) refers to ddiv.o(.text) for __aeabi_ddiv
    printfa.o(i._fp_digits) refers to cdrcmple.o(.text) for __aeabi_cdrcmple
    printfa.o(i._fp_digits) refers to dadd.o(.text) for __aeabi_dadd
    printfa.o(i._fp_digits) refers to dfixul.o(.text) for __aeabi_d2ulz
    printfa.o(i._fp_digits) refers to uldiv.o(.text) for __aeabi_uldivmod
    printfa.o(i._printf_core) refers (Special) to iusefp.o(.text) for __I$use$fp
    printfa.o(i._printf_core) refers to printfa.o(i._printf_pre_padding) for _printf_pre_padding
    printfa.o(i._printf_core) refers to uldiv.o(.text) for __aeabi_uldivmod
    printfa.o(i._printf_core) refers to printfa.o(i._printf_post_padding) for _printf_post_padding
    printfa.o(i._printf_core) refers to printfa.o(i._fp_digits) for _fp_digits
    printfa.o(i._printf_core) refers to uidiv.o(.text) for __aeabi_uidivmod
    printfa.o(i._printf_post_padding) refers (Special) to iusefp.o(.text) for __I$use$fp
    printfa.o(i._printf_pre_padding) refers (Special) to iusefp.o(.text) for __I$use$fp
    printfa.o(i._snputc) refers (Special) to iusefp.o(.text) for __I$use$fp
    printfa.o(i._sputc) refers (Special) to iusefp.o(.text) for __I$use$fp
    malloc.o(i.free) refers to mvars.o(.data) for __microlib_freelist
    malloc.o(i.malloc) refers to mvars.o(.data) for __microlib_freelist_initialised
    malloc.o(i.malloc) refers to mvars.o(.data) for __microlib_freelist
    malloc.o(i.malloc) refers to startup_stm32f40_41xxx.o(HEAP) for __heap_base
    mallocr.o(i.__free$realloc) refers to mvars.o(.data) for __microlib_freelist
    mallocr.o(i.__malloc$realloc) refers to mallocr.o(i.internal_alloc) for internal_alloc
    mallocr.o(i.__malloc$realloc) refers to mvars.o(.data) for __microlib_freelist_initialised
    mallocr.o(i.__malloc$realloc) refers to startup_stm32f40_41xxx.o(HEAP) for __heap_base
    mallocr.o(i.__malloc$realloc) refers to mvars.o(.data) for __microlib_freelist
    mallocr.o(i.internal_alloc) refers to memcpya.o(.text) for __aeabi_memcpy
    mallocr.o(i.internal_alloc) refers to mvars.o(.data) for __microlib_freelist
    mallocr.o(i.realloc) refers to mallocr.o(i.__free$realloc) for __free$realloc
    mallocr.o(i.realloc) refers to mallocr.o(i.internal_alloc) for internal_alloc
    mallocr.o(i.realloc) refers to mallocr.o(i.__malloc$realloc) for __malloc$realloc
    mallocr.o(i.realloc) refers to mvars.o(.data) for __microlib_freelist
    malloca.o(i.__aligned_malloc) refers to mvars.o(.data) for __microlib_freelist_initialised
    malloca.o(i.__aligned_malloc) refers to mvars.o(.data) for __microlib_freelist
    malloca.o(i.__aligned_malloc) refers to startup_stm32f40_41xxx.o(HEAP) for __heap_base
    malloca.o(i.__free$memalign) refers to mvars.o(.data) for __microlib_freelist
    malloca.o(i.__malloc$memalign) refers to malloca.o(i.__aligned_malloc) for __aligned_malloc
    mallocra.o(i.__aligned_malloc$realloc) refers to mallocra.o(i.internal_alloc) for internal_alloc
    mallocra.o(i.__aligned_malloc$realloc) refers to mvars.o(.data) for __microlib_freelist_initialised
    mallocra.o(i.__aligned_malloc$realloc) refers to startup_stm32f40_41xxx.o(HEAP) for __heap_base
    mallocra.o(i.__aligned_malloc$realloc) refers to mvars.o(.data) for __microlib_freelist
    mallocra.o(i.__free$realloc$memalign) refers to mvars.o(.data) for __microlib_freelist
    mallocra.o(i.__malloc$realloc$memalign) refers to mallocra.o(i.__aligned_malloc$realloc) for __aligned_malloc$realloc
    mallocra.o(i.__realloc$memalign) refers to mallocra.o(i.__free$realloc$memalign) for __free$realloc$memalign
    mallocra.o(i.__realloc$memalign) refers to mallocra.o(i.internal_alloc) for internal_alloc
    mallocra.o(i.__realloc$memalign) refers to mallocra.o(i.__malloc$realloc$memalign) for __malloc$realloc$memalign
    mallocra.o(i.__realloc$memalign) refers to mvars.o(.data) for __microlib_freelist
    mallocra.o(i.internal_alloc) refers to memcpya.o(.text) for __aeabi_memcpy
    mallocra.o(i.internal_alloc) refers to mvars.o(.data) for __microlib_freelist
    dadd.o(.text) refers (Special) to iusefp.o(.text) for __I$use$fp
    dadd.o(.text) refers to llshl.o(.text) for __aeabi_llsl
    dadd.o(.text) refers to llsshr.o(.text) for __aeabi_lasr
    dadd.o(.text) refers to depilogue.o(.text) for _double_epilogue
    ddiv.o(.text) refers (Special) to iusefp.o(.text) for __I$use$fp
    ddiv.o(.text) refers to depilogue.o(.text) for _double_round
    dflti.o(.text) refers (Special) to iusefp.o(.text) for __I$use$fp
    dflti.o(.text) refers to depilogue.o(.text) for _double_epilogue
    dfixi.o(.text) refers (Special) to iusefp.o(.text) for __I$use$fp
    dfixi.o(.text) refers to llushr.o(.text) for __aeabi_llsr
    f2d.o(.text) refers (Special) to iusefp.o(.text) for __I$use$fp
    d2f.o(.text) refers (Special) to iusefp.o(.text) for __I$use$fp
    d2f.o(.text) refers to fepilogue.o(.text) for _float_round
    dunder.o(i.__mathlib_dbl_divzero) refers to ddiv.o(.text) for __aeabi_ddiv
    dunder.o(i.__mathlib_dbl_infnan) refers to dadd.o(.text) for __aeabi_dadd
    dunder.o(i.__mathlib_dbl_infnan2) refers to dadd.o(.text) for __aeabi_dadd
    dunder.o(i.__mathlib_dbl_invalid) refers to ddiv.o(.text) for __aeabi_ddiv
    dunder.o(i.__mathlib_dbl_overflow) refers to dmul.o(.text) for __aeabi_dmul
    dunder.o(i.__mathlib_dbl_posinfnan) refers to dmul.o(.text) for __aeabi_dmul
    dunder.o(i.__mathlib_dbl_underflow) refers to dmul.o(.text) for __aeabi_dmul
    poly.o(i.__kernel_poly) refers (Special) to iusefp.o(.text) for __I$use$fp
    poly.o(i.__kernel_poly) refers to dmul.o(.text) for __aeabi_dmul
    poly.o(i.__kernel_poly) refers to dadd.o(.text) for __aeabi_dadd
    qnan.o(.constdata) refers (Special) to iusefp.o(.text) for __I$use$fp
    entry2.o(.ARM.Collect$$$$00000001) refers to entry2.o(.ARM.Collect$$$$00002712) for __lit__00000000
    entry2.o(.ARM.Collect$$$$00002712) refers to startup_stm32f40_41xxx.o(STACK) for __initial_sp
    entry2.o(__vectab_stack_and_reset_area) refers to startup_stm32f40_41xxx.o(STACK) for __initial_sp
    entry2.o(__vectab_stack_and_reset_area) refers to entry.o(.ARM.Collect$$$$00000000) for __main
    entry5.o(.ARM.Collect$$$$00000004) refers to init.o(.text) for __scatterload
    entry9a.o(.ARM.Collect$$$$0000000B) refers to main.o(i.main) for main
    entry9b.o(.ARM.Collect$$$$0000000C) refers to main.o(i.main) for main
    uldiv.o(.text) refers to llushr.o(.text) for __aeabi_llsr
    uldiv.o(.text) refers to llshl.o(.text) for __aeabi_llsl
    errno.o(i.__aeabi_errno_addr) refers to errno.o(.data) for .data
    errno.o(i.__read_errno) refers to errno.o(.data) for .data
    errno.o(i.__set_errno) refers to errno.o(.data) for .data
    depilogue.o(.text) refers to llshl.o(.text) for __aeabi_llsl
    depilogue.o(.text) refers to llushr.o(.text) for __aeabi_llsr
    dmul.o(.text) refers to depilogue.o(.text) for _double_epilogue
    dfixul.o(.text) refers to llushr.o(.text) for __aeabi_llsr
    dfixul.o(.text) refers to llshl.o(.text) for __aeabi_llsl
    init.o(.text) refers to entry5.o(.ARM.Collect$$$$00000004) for __main_after_scatterload


==============================================================================

Removing Unused input sections from the image.

    Removing main.o(.rev16_text), (4 bytes).
    Removing main.o(.revsh_text), (4 bytes).
    Removing stm32f4xx_it.o(.rev16_text), (4 bytes).
    Removing stm32f4xx_it.o(.revsh_text), (4 bytes).
    Removing system_stm32f4xx.o(.rev16_text), (4 bytes).
    Removing system_stm32f4xx.o(.revsh_text), (4 bytes).
    Removing system_stm32f4xx.o(i.SystemCoreClockUpdate), (120 bytes).
    Removing fashion_star_uart_servo_examples.o(.rev16_text), (4 bytes).
    Removing fashion_star_uart_servo_examples.o(.revsh_text), (4 bytes).
    Removing fashion_star_uart_servo_examples.o(i.FSUSExample_BEGIN_ENDASYNC), (164 bytes).
    Removing fashion_star_uart_servo_examples.o(i.FSUSExample_MONTIOR), (420 bytes).
    Removing fashion_star_uart_servo_examples.o(i.FSUSExample_ReadData), (640 bytes).
    Removing fashion_star_uart_servo_examples.o(i.FSUSExample_ResetData), (108 bytes).
    Removing fashion_star_uart_servo_examples.o(i.FSUSExample_SYNC), (356 bytes).
    Removing fashion_star_uart_servo_examples.o(i.FSUSExample_SetNServoAngle), (140 bytes).
    Removing fashion_star_uart_servo_examples.o(i.FSUSExample_SetServoAngle), (344 bytes).
    Removing fashion_star_uart_servo_examples.o(i.FSUSExample_SetServoAngleMTurn), (448 bytes).
    Removing fashion_star_uart_servo_examples.o(i.FSUSExample_SetServoDamping), (220 bytes).
    Removing fashion_star_uart_servo_examples.o(i.FSUSExample_StopOnControlMode), (72 bytes).
    Removing fashion_star_uart_servo_examples.o(i.FSUSExample_WriteData), (332 bytes).
    Removing ring_buffer.o(.rev16_text), (4 bytes).
    Removing ring_buffer.o(.revsh_text), (4 bytes).
    Removing ring_buffer.o(i.RingBuffer_GetCapacity), (8 bytes).
    Removing ring_buffer.o(i.RingBuffer_ReadFloat), (16 bytes).
    Removing ring_buffer.o(i.RingBuffer_ReadLong), (14 bytes).
    Removing ring_buffer.o(i.RingBuffer_ReadShort), (16 bytes).
    Removing ring_buffer.o(i.RingBuffer_ReadULong), (14 bytes).
    Removing ring_buffer.o(i.RingBuffer_ReadUShortWithFlag), (38 bytes).
    Removing ring_buffer.o(i.RingBuffer_Reset), (8 bytes).
    Removing ring_buffer.o(i.RingBuffer_WriteFloat), (16 bytes).
    Removing ring_buffer.o(i.RingBuffer_WriteLong), (12 bytes).
    Removing ring_buffer.o(i.RingBuffer_WriteShort), (12 bytes).
    Removing ring_buffer.o(i.RingBuffer_WriteULong), (12 bytes).
    Removing ring_buffer.o(i.RingBuffer_WriteUShortWithFlag), (24 bytes).
    Removing usart.o(.rev16_text), (4 bytes).
    Removing usart.o(.revsh_text), (4 bytes).
    Removing usart.o(i.Usart_SendByteArr), (34 bytes).
    Removing usart.o(i.Usart_SendString), (28 bytes).
    Removing usart.o(i._sys_exit), (2 bytes).
    Removing usart.o(i._ttywrch), (2 bytes).
    Removing fashion_star_uart_servo.o(.rev16_text), (4 bytes).
    Removing fashion_star_uart_servo.o(.revsh_text), (4 bytes).
    Removing fashion_star_uart_servo.o(i.FSUS_BeginAsync), (48 bytes).
    Removing fashion_star_uart_servo.o(i.FSUS_DampingMode), (60 bytes).
    Removing fashion_star_uart_servo.o(i.FSUS_EndAsync), (50 bytes).
    Removing fashion_star_uart_servo.o(i.FSUS_QueryServoAngle), (92 bytes).
    Removing fashion_star_uart_servo.o(i.FSUS_QueryServoAngleMTurn), (100 bytes).
    Removing fashion_star_uart_servo.o(i.FSUS_ReadData), (78 bytes).
    Removing fashion_star_uart_servo.o(i.FSUS_ResetUserData), (50 bytes).
    Removing fashion_star_uart_servo.o(i.FSUS_RingBuffer2Package), (68 bytes).
    Removing fashion_star_uart_servo.o(i.FSUS_ServoAngleReset), (22 bytes).
    Removing fashion_star_uart_servo.o(i.FSUS_ServoMonitor), (304 bytes).
    Removing fashion_star_uart_servo.o(i.FSUS_SetOriginPoint), (22 bytes).
    Removing fashion_star_uart_servo.o(i.FSUS_SetServoAngle), (152 bytes).
    Removing fashion_star_uart_servo.o(i.FSUS_SetServoAngleByInterval), (188 bytes).
    Removing fashion_star_uart_servo.o(i.FSUS_SetServoAngleByVelocity), (240 bytes).
    Removing fashion_star_uart_servo.o(i.FSUS_SetServoAngleMTurn), (160 bytes).
    Removing fashion_star_uart_servo.o(i.FSUS_SetServoAngleMTurnByInterval), (196 bytes).
    Removing fashion_star_uart_servo.o(i.FSUS_SetServoAngleMTurnByVelocity), (240 bytes).
    Removing fashion_star_uart_servo.o(i.FSUS_StopOnControlMode), (72 bytes).
    Removing fashion_star_uart_servo.o(i.FSUS_SyncCommand), (1176 bytes).
    Removing fashion_star_uart_servo.o(i.FSUS_SyncServoMonitor), (308 bytes).
    Removing fashion_star_uart_servo.o(i.FSUS_WriteData), (98 bytes).
    Removing fashion_star_uart_servo.o(i.FSUS_sync_RecvPackage), (204 bytes).
    Removing fashion_star_uart_servo.o(.bss), (560 bytes).
    Removing fashion_star_uart_servo.o(.bss), (400 bytes).
    Removing sys_tick.o(.rev16_text), (4 bytes).
    Removing sys_tick.o(.revsh_text), (4 bytes).
    Removing sys_tick.o(i.SysTick_CountdownCancel), (24 bytes).
    Removing sys_tick.o(i.SysTick_DelayS), (16 bytes).
    Removing sys_tick.o(i.SysTick_DelayUs), (68 bytes).
    Removing startup_stm32f40_41xxx.o(HEAP), (512 bytes).
    Removing misc.o(.rev16_text), (4 bytes).
    Removing misc.o(.revsh_text), (4 bytes).
    Removing misc.o(i.NVIC_PriorityGroupConfig), (20 bytes).
    Removing misc.o(i.NVIC_SetVectorTable), (20 bytes).
    Removing misc.o(i.NVIC_SystemLPConfig), (24 bytes).
    Removing misc.o(i.SysTick_CLKSourceConfig), (24 bytes).
    Removing stm32f4xx_gpio.o(.rev16_text), (4 bytes).
    Removing stm32f4xx_gpio.o(.revsh_text), (4 bytes).
    Removing stm32f4xx_gpio.o(i.GPIO_DeInit), (260 bytes).
    Removing stm32f4xx_gpio.o(i.GPIO_PinLockConfig), (24 bytes).
    Removing stm32f4xx_gpio.o(i.GPIO_ReadInputData), (6 bytes).
    Removing stm32f4xx_gpio.o(i.GPIO_ReadInputDataBit), (14 bytes).
    Removing stm32f4xx_gpio.o(i.GPIO_ReadOutputData), (6 bytes).
    Removing stm32f4xx_gpio.o(i.GPIO_ReadOutputDataBit), (14 bytes).
    Removing stm32f4xx_gpio.o(i.GPIO_ResetBits), (4 bytes).
    Removing stm32f4xx_gpio.o(i.GPIO_SetBits), (4 bytes).
    Removing stm32f4xx_gpio.o(i.GPIO_StructInit), (18 bytes).
    Removing stm32f4xx_gpio.o(i.GPIO_ToggleBits), (8 bytes).
    Removing stm32f4xx_gpio.o(i.GPIO_Write), (4 bytes).
    Removing stm32f4xx_gpio.o(i.GPIO_WriteBit), (10 bytes).
    Removing stm32f4xx_rcc.o(.rev16_text), (4 bytes).
    Removing stm32f4xx_rcc.o(.revsh_text), (4 bytes).
    Removing stm32f4xx_rcc.o(i.RCC_AHB1PeriphClockLPModeCmd), (24 bytes).
    Removing stm32f4xx_rcc.o(i.RCC_AHB1PeriphResetCmd), (24 bytes).
    Removing stm32f4xx_rcc.o(i.RCC_AHB2PeriphClockCmd), (24 bytes).
    Removing stm32f4xx_rcc.o(i.RCC_AHB2PeriphClockLPModeCmd), (24 bytes).
    Removing stm32f4xx_rcc.o(i.RCC_AHB2PeriphResetCmd), (24 bytes).
    Removing stm32f4xx_rcc.o(i.RCC_AHB3PeriphClockCmd), (24 bytes).
    Removing stm32f4xx_rcc.o(i.RCC_AHB3PeriphClockLPModeCmd), (24 bytes).
    Removing stm32f4xx_rcc.o(i.RCC_AHB3PeriphResetCmd), (24 bytes).
    Removing stm32f4xx_rcc.o(i.RCC_APB1PeriphClockLPModeCmd), (24 bytes).
    Removing stm32f4xx_rcc.o(i.RCC_APB1PeriphResetCmd), (24 bytes).
    Removing stm32f4xx_rcc.o(i.RCC_APB2PeriphClockLPModeCmd), (24 bytes).
    Removing stm32f4xx_rcc.o(i.RCC_APB2PeriphResetCmd), (24 bytes).
    Removing stm32f4xx_rcc.o(i.RCC_AdjustHSICalibrationValue), (20 bytes).
    Removing stm32f4xx_rcc.o(i.RCC_BackupResetCmd), (12 bytes).
    Removing stm32f4xx_rcc.o(i.RCC_ClearFlag), (16 bytes).
    Removing stm32f4xx_rcc.o(i.RCC_ClearITPendingBit), (12 bytes).
    Removing stm32f4xx_rcc.o(i.RCC_ClockSecuritySystemCmd), (12 bytes).
    Removing stm32f4xx_rcc.o(i.RCC_DeInit), (84 bytes).
    Removing stm32f4xx_rcc.o(i.RCC_GetFlagStatus), (52 bytes).
    Removing stm32f4xx_rcc.o(i.RCC_GetITStatus), (20 bytes).
    Removing stm32f4xx_rcc.o(i.RCC_GetSYSCLKSource), (16 bytes).
    Removing stm32f4xx_rcc.o(i.RCC_HCLKConfig), (20 bytes).
    Removing stm32f4xx_rcc.o(i.RCC_HSEConfig), (16 bytes).
    Removing stm32f4xx_rcc.o(i.RCC_HSICmd), (12 bytes).
    Removing stm32f4xx_rcc.o(i.RCC_I2SCLKConfig), (12 bytes).
    Removing stm32f4xx_rcc.o(i.RCC_ITConfig), (24 bytes).
    Removing stm32f4xx_rcc.o(i.RCC_LSEConfig), (28 bytes).
    Removing stm32f4xx_rcc.o(i.RCC_LSEModeConfig), (28 bytes).
    Removing stm32f4xx_rcc.o(i.RCC_LSICmd), (12 bytes).
    Removing stm32f4xx_rcc.o(i.RCC_LTDCCLKDivConfig), (20 bytes).
    Removing stm32f4xx_rcc.o(i.RCC_MCO1Config), (20 bytes).
    Removing stm32f4xx_rcc.o(i.RCC_MCO2Config), (20 bytes).
    Removing stm32f4xx_rcc.o(i.RCC_PCLK1Config), (20 bytes).
    Removing stm32f4xx_rcc.o(i.RCC_PCLK2Config), (20 bytes).
    Removing stm32f4xx_rcc.o(i.RCC_PLLCmd), (12 bytes).
    Removing stm32f4xx_rcc.o(i.RCC_PLLConfig), (40 bytes).
    Removing stm32f4xx_rcc.o(i.RCC_PLLI2SCmd), (12 bytes).
    Removing stm32f4xx_rcc.o(i.RCC_PLLI2SConfig), (16 bytes).
    Removing stm32f4xx_rcc.o(i.RCC_PLLSAICmd), (12 bytes).
    Removing stm32f4xx_rcc.o(i.RCC_PLLSAIConfig), (20 bytes).
    Removing stm32f4xx_rcc.o(i.RCC_RTCCLKCmd), (12 bytes).
    Removing stm32f4xx_rcc.o(i.RCC_RTCCLKConfig), (48 bytes).
    Removing stm32f4xx_rcc.o(i.RCC_SAIBlockACLKConfig), (20 bytes).
    Removing stm32f4xx_rcc.o(i.RCC_SAIBlockBCLKConfig), (20 bytes).
    Removing stm32f4xx_rcc.o(i.RCC_SAIPLLI2SClkDivConfig), (20 bytes).
    Removing stm32f4xx_rcc.o(i.RCC_SAIPLLSAIClkDivConfig), (28 bytes).
    Removing stm32f4xx_rcc.o(i.RCC_SYSCLKConfig), (20 bytes).
    Removing stm32f4xx_rcc.o(i.RCC_TIMCLKPresConfig), (12 bytes).
    Removing stm32f4xx_rcc.o(i.RCC_WaitForHSEStartUp), (44 bytes).
    Removing stm32f4xx_syscfg.o(.rev16_text), (4 bytes).
    Removing stm32f4xx_syscfg.o(.revsh_text), (4 bytes).
    Removing stm32f4xx_syscfg.o(i.SYSCFG_CompensationCellCmd), (12 bytes).
    Removing stm32f4xx_syscfg.o(i.SYSCFG_DeInit), (24 bytes).
    Removing stm32f4xx_syscfg.o(i.SYSCFG_ETH_MediaInterfaceConfig), (12 bytes).
    Removing stm32f4xx_syscfg.o(i.SYSCFG_EXTILineConfig), (48 bytes).
    Removing stm32f4xx_syscfg.o(i.SYSCFG_GetCompensationCellStatus), (20 bytes).
    Removing stm32f4xx_syscfg.o(i.SYSCFG_MemoryRemapConfig), (12 bytes).
    Removing stm32f4xx_syscfg.o(i.SYSCFG_MemorySwappingBank), (12 bytes).
    Removing stm32f4xx_usart.o(.rev16_text), (4 bytes).
    Removing stm32f4xx_usart.o(.revsh_text), (4 bytes).
    Removing stm32f4xx_usart.o(i.USART_ClearITPendingBit), (12 bytes).
    Removing stm32f4xx_usart.o(i.USART_ClockInit), (28 bytes).
    Removing stm32f4xx_usart.o(i.USART_ClockStructInit), (12 bytes).
    Removing stm32f4xx_usart.o(i.USART_DMACmd), (16 bytes).
    Removing stm32f4xx_usart.o(i.USART_DeInit), (172 bytes).
    Removing stm32f4xx_usart.o(i.USART_HalfDuplexCmd), (20 bytes).
    Removing stm32f4xx_usart.o(i.USART_IrDACmd), (20 bytes).
    Removing stm32f4xx_usart.o(i.USART_IrDAConfig), (16 bytes).
    Removing stm32f4xx_usart.o(i.USART_LINBreakDetectLengthConfig), (16 bytes).
    Removing stm32f4xx_usart.o(i.USART_LINCmd), (20 bytes).
    Removing stm32f4xx_usart.o(i.USART_OneBitMethodCmd), (20 bytes).
    Removing stm32f4xx_usart.o(i.USART_OverSampling8Cmd), (20 bytes).
    Removing stm32f4xx_usart.o(i.USART_ReceiverWakeUpCmd), (20 bytes).
    Removing stm32f4xx_usart.o(i.USART_SendBreak), (10 bytes).
    Removing stm32f4xx_usart.o(i.USART_SetAddress), (16 bytes).
    Removing stm32f4xx_usart.o(i.USART_SetGuardTime), (16 bytes).
    Removing stm32f4xx_usart.o(i.USART_SetPrescaler), (16 bytes).
    Removing stm32f4xx_usart.o(i.USART_SmartCardCmd), (20 bytes).
    Removing stm32f4xx_usart.o(i.USART_SmartCardNACKCmd), (20 bytes).
    Removing stm32f4xx_usart.o(i.USART_StructInit), (22 bytes).
    Removing stm32f4xx_usart.o(i.USART_WakeUpConfig), (16 bytes).
    Removing dflti.o(.text), (34 bytes).
    Removing dfixi.o(.text), (62 bytes).
    Removing f2d.o(.text), (38 bytes).
    Removing d2f.o(.text), (56 bytes).
    Removing fepilogue.o(.text), (110 bytes).
    Removing dneg.o(.text), (6 bytes).
    Removing cdcmple.o(.text), (48 bytes).

182 unused section(s) (total 11834 bytes) removed from the image.

==============================================================================

Image Symbol Table

    Local Symbols

    Symbol Name                              Value     Ov Type        Size  Object(Section)

    ../clib/microlib/division.c              0x00000000   Number         0  uldiv.o ABSOLUTE
    ../clib/microlib/division.c              0x00000000   Number         0  uidiv.o ABSOLUTE
    ../clib/microlib/errno.c                 0x00000000   Number         0  errno.o ABSOLUTE
    ../clib/microlib/init/entry.s            0x00000000   Number         0  entry8a.o ABSOLUTE
    ../clib/microlib/init/entry.s            0x00000000   Number         0  entry10b.o ABSOLUTE
    ../clib/microlib/init/entry.s            0x00000000   Number         0  entry.o ABSOLUTE
    ../clib/microlib/init/entry.s            0x00000000   Number         0  entry5.o ABSOLUTE
    ../clib/microlib/init/entry.s            0x00000000   Number         0  entry2.o ABSOLUTE
    ../clib/microlib/init/entry.s            0x00000000   Number         0  entry9a.o ABSOLUTE
    ../clib/microlib/init/entry.s            0x00000000   Number         0  entry9b.o ABSOLUTE
    ../clib/microlib/init/entry.s            0x00000000   Number         0  entry8b.o ABSOLUTE
    ../clib/microlib/init/entry.s            0x00000000   Number         0  entry10a.o ABSOLUTE
    ../clib/microlib/init/entry.s            0x00000000   Number         0  entry7b.o ABSOLUTE
    ../clib/microlib/init/entry.s            0x00000000   Number         0  entry11b.o ABSOLUTE
    ../clib/microlib/init/entry.s            0x00000000   Number         0  entry7a.o ABSOLUTE
    ../clib/microlib/init/entry.s            0x00000000   Number         0  entry11a.o ABSOLUTE
    ../clib/microlib/longlong.c              0x00000000   Number         0  llsshr.o ABSOLUTE
    ../clib/microlib/longlong.c              0x00000000   Number         0  llushr.o ABSOLUTE
    ../clib/microlib/longlong.c              0x00000000   Number         0  llshl.o ABSOLUTE
    ../clib/microlib/malloc/malloc.c         0x00000000   Number         0  mallocra.o ABSOLUTE
    ../clib/microlib/malloc/malloc.c         0x00000000   Number         0  malloca.o ABSOLUTE
    ../clib/microlib/malloc/malloc.c         0x00000000   Number         0  mallocr.o ABSOLUTE
    ../clib/microlib/malloc/malloc.c         0x00000000   Number         0  malloc.o ABSOLUTE
    ../clib/microlib/malloc/mvars.c          0x00000000   Number         0  mvars.o ABSOLUTE
    ../clib/microlib/printf/printf.c         0x00000000   Number         0  printf2.o ABSOLUTE
    ../clib/microlib/printf/printf.c         0x00000000   Number         0  printf1.o ABSOLUTE
    ../clib/microlib/printf/printf.c         0x00000000   Number         0  printf0.o ABSOLUTE
    ../clib/microlib/printf/printf.c         0x00000000   Number         0  printfb.o ABSOLUTE
    ../clib/microlib/printf/printf.c         0x00000000   Number         0  printfa.o ABSOLUTE
    ../clib/microlib/printf/printf.c         0x00000000   Number         0  printf8.o ABSOLUTE
    ../clib/microlib/printf/printf.c         0x00000000   Number         0  printf7.o ABSOLUTE
    ../clib/microlib/printf/printf.c         0x00000000   Number         0  printf6.o ABSOLUTE
    ../clib/microlib/printf/printf.c         0x00000000   Number         0  printf5.o ABSOLUTE
    ../clib/microlib/printf/printf.c         0x00000000   Number         0  printf4.o ABSOLUTE
    ../clib/microlib/printf/printf.c         0x00000000   Number         0  printf3.o ABSOLUTE
    ../clib/microlib/printf/stubs.s          0x00000000   Number         0  stubs.o ABSOLUTE
    ../clib/microlib/string/memcpy.c         0x00000000   Number         0  memcpya.o ABSOLUTE
    ../clib/microlib/string/memcpy.c         0x00000000   Number         0  memcpyb.o ABSOLUTE
    ../clib/microlib/stubs.s                 0x00000000   Number         0  iusefp.o ABSOLUTE
    ../clib/microlib/stubs.s                 0x00000000   Number         0  useno.o ABSOLUTE
    ../fplib/microlib/d2f.c                  0x00000000   Number         0  d2f.o ABSOLUTE
    ../fplib/microlib/f2d.c                  0x00000000   Number         0  f2d.o ABSOLUTE
    ../fplib/microlib/fpadd.c                0x00000000   Number         0  dadd.o ABSOLUTE
    ../fplib/microlib/fpdiv.c                0x00000000   Number         0  ddiv.o ABSOLUTE
    ../fplib/microlib/fpepilogue.c           0x00000000   Number         0  fepilogue.o ABSOLUTE
    ../fplib/microlib/fpepilogue.c           0x00000000   Number         0  depilogue.o ABSOLUTE
    ../fplib/microlib/fpfix.c                0x00000000   Number         0  dfixul.o ABSOLUTE
    ../fplib/microlib/fpfix.c                0x00000000   Number         0  dfixi.o ABSOLUTE
    ../fplib/microlib/fpflt.c                0x00000000   Number         0  dflti.o ABSOLUTE
    ../fplib/microlib/fpmul.c                0x00000000   Number         0  dmul.o ABSOLUTE
    ../fplib/microlib/fpneg.c                0x00000000   Number         0  dneg.o ABSOLUTE
    ../mathlib/dunder.c                      0x00000000   Number         0  dunder.o ABSOLUTE
    ../mathlib/log.c                         0x00000000   Number         0  log_x.o ABSOLUTE
    ../mathlib/log.c                         0x00000000   Number         0  log.o ABSOLUTE
    ../mathlib/poly.c                        0x00000000   Number         0  poly.o ABSOLUTE
    ../mathlib/qnan.c                        0x00000000   Number         0  qnan.o ABSOLUTE
    ..\CORE\startup_stm32f40_41xxx.s         0x00000000   Number         0  startup_stm32f40_41xxx.o ABSOLUTE
    ..\FWLIB\src\misc.c                      0x00000000   Number         0  misc.o ABSOLUTE
    ..\FWLIB\src\stm32f4xx_gpio.c            0x00000000   Number         0  stm32f4xx_gpio.o ABSOLUTE
    ..\FWLIB\src\stm32f4xx_rcc.c             0x00000000   Number         0  stm32f4xx_rcc.o ABSOLUTE
    ..\FWLIB\src\stm32f4xx_syscfg.c          0x00000000   Number         0  stm32f4xx_syscfg.o ABSOLUTE
    ..\FWLIB\src\stm32f4xx_usart.c           0x00000000   Number         0  stm32f4xx_usart.o ABSOLUTE
    ..\HARDWARE\fashion_star_uart_servo\fashion_star_uart_servo.c 0x00000000   Number         0  fashion_star_uart_servo.o ABSOLUTE
    ..\HARDWARE\fashion_star_uart_servo_examples\fashion_star_uart_servo_examples.c 0x00000000   Number         0  fashion_star_uart_servo_examples.o ABSOLUTE
    ..\HARDWARE\ring_buffer\ring_buffer.c    0x00000000   Number         0  ring_buffer.o ABSOLUTE
    ..\HARDWARE\usart\usart.c                0x00000000   Number         0  usart.o ABSOLUTE
    ..\SYSTEM\sys_tick\sys_tick.c            0x00000000   Number         0  sys_tick.o ABSOLUTE
    ..\\FWLIB\\src\\misc.c                   0x00000000   Number         0  misc.o ABSOLUTE
    ..\\FWLIB\\src\\stm32f4xx_gpio.c         0x00000000   Number         0  stm32f4xx_gpio.o ABSOLUTE
    ..\\FWLIB\\src\\stm32f4xx_rcc.c          0x00000000   Number         0  stm32f4xx_rcc.o ABSOLUTE
    ..\\FWLIB\\src\\stm32f4xx_syscfg.c       0x00000000   Number         0  stm32f4xx_syscfg.o ABSOLUTE
    ..\\FWLIB\\src\\stm32f4xx_usart.c        0x00000000   Number         0  stm32f4xx_usart.o ABSOLUTE
    ..\\HARDWARE\\fashion_star_uart_servo\\fashion_star_uart_servo.c 0x00000000   Number         0  fashion_star_uart_servo.o ABSOLUTE
    ..\\HARDWARE\\fashion_star_uart_servo_examples\\fashion_star_uart_servo_examples.c 0x00000000   Number         0  fashion_star_uart_servo_examples.o ABSOLUTE
    ..\\HARDWARE\\ring_buffer\\ring_buffer.c 0x00000000   Number         0  ring_buffer.o ABSOLUTE
    ..\\HARDWARE\\usart\\usart.c             0x00000000   Number         0  usart.o ABSOLUTE
    ..\\SYSTEM\\sys_tick\\sys_tick.c         0x00000000   Number         0  sys_tick.o ABSOLUTE
    cdcmple.s                                0x00000000   Number         0  cdcmple.o ABSOLUTE
    cdrcmple.s                               0x00000000   Number         0  cdrcmple.o ABSOLUTE
    dc.s                                     0x00000000   Number         0  dc.o ABSOLUTE
    handlers.s                               0x00000000   Number         0  handlers.o ABSOLUTE
    init.s                                   0x00000000   Number         0  init.o ABSOLUTE
    main.c                                   0x00000000   Number         0  main.o ABSOLUTE
    main.c                                   0x00000000   Number         0  main.o ABSOLUTE
    stm32f4xx_it.c                           0x00000000   Number         0  stm32f4xx_it.o ABSOLUTE
    stm32f4xx_it.c                           0x00000000   Number         0  stm32f4xx_it.o ABSOLUTE
    system_stm32f4xx.c                       0x00000000   Number         0  system_stm32f4xx.o ABSOLUTE
    system_stm32f4xx.c                       0x00000000   Number         0  system_stm32f4xx.o ABSOLUTE
    RESET                                    0x08000000   Section      392  startup_stm32f40_41xxx.o(RESET)
    .ARM.Collect$$$$00000000                 0x08000188   Section        0  entry.o(.ARM.Collect$$$$00000000)
    .ARM.Collect$$$$00000001                 0x08000188   Section        4  entry2.o(.ARM.Collect$$$$00000001)
    .ARM.Collect$$$$00000004                 0x0800018c   Section        4  entry5.o(.ARM.Collect$$$$00000004)
    .ARM.Collect$$$$00000008                 0x08000190   Section        0  entry7b.o(.ARM.Collect$$$$00000008)
    .ARM.Collect$$$$0000000A                 0x08000190   Section        0  entry8b.o(.ARM.Collect$$$$0000000A)
    .ARM.Collect$$$$0000000B                 0x08000190   Section        8  entry9a.o(.ARM.Collect$$$$0000000B)
    .ARM.Collect$$$$0000000D                 0x08000198   Section        0  entry10a.o(.ARM.Collect$$$$0000000D)
    .ARM.Collect$$$$0000000F                 0x08000198   Section        0  entry11a.o(.ARM.Collect$$$$0000000F)
    .ARM.Collect$$$$00002712                 0x08000198   Section        4  entry2.o(.ARM.Collect$$$$00002712)
    __lit__00000000                          0x08000198   Data           4  entry2.o(.ARM.Collect$$$$00002712)
    .text                                    0x0800019c   Section       36  startup_stm32f40_41xxx.o(.text)
    $v0                                      0x0800019c   Number         0  startup_stm32f40_41xxx.o(.text)
    .text                                    0x080001c0   Section        0  memcpya.o(.text)
    .text                                    0x080001e4   Section        0  dadd.o(.text)
    .text                                    0x08000332   Section        0  ddiv.o(.text)
    .text                                    0x08000410   Section        0  uidiv.o(.text)
    .text                                    0x0800043c   Section        0  uldiv.o(.text)
    .text                                    0x0800049e   Section        0  llshl.o(.text)
    .text                                    0x080004bc   Section        0  llushr.o(.text)
    .text                                    0x080004dc   Section        0  llsshr.o(.text)
    .text                                    0x08000500   Section        0  iusefp.o(.text)
    .text                                    0x08000500   Section        0  depilogue.o(.text)
    .text                                    0x080005ba   Section        0  dmul.o(.text)
    .text                                    0x0800069e   Section        0  dfixul.o(.text)
    .text                                    0x080006d0   Section       48  cdrcmple.o(.text)
    .text                                    0x08000700   Section       36  init.o(.text)
    i.BusFault_Handler                       0x08000724   Section        0  stm32f4xx_it.o(i.BusFault_Handler)
    i.DebugMon_Handler                       0x08000726   Section        0  stm32f4xx_it.o(i.DebugMon_Handler)
    i.FSUSExample_PingServo                  0x08000728   Section        0  fashion_star_uart_servo_examples.o(i.FSUSExample_PingServo)
    i.FSUS_CalcChecksum                      0x080007ac   Section        0  fashion_star_uart_servo.o(i.FSUS_CalcChecksum)
    i.FSUS_IsValidResponsePackage            0x080007da   Section        0  fashion_star_uart_servo.o(i.FSUS_IsValidResponsePackage)
    i.FSUS_Package2RingBuffer                0x08000818   Section        0  fashion_star_uart_servo.o(i.FSUS_Package2RingBuffer)
    i.FSUS_Ping                              0x08000870   Section        0  fashion_star_uart_servo.o(i.FSUS_Ping)
    i.FSUS_RecvPackage                       0x080008a2   Section        0  fashion_star_uart_servo.o(i.FSUS_RecvPackage)
    i.FSUS_SendPackage_Common                0x08000960   Section        0  fashion_star_uart_servo.o(i.FSUS_SendPackage_Common)
    i.GPIO_Init                              0x080009ac   Section        0  stm32f4xx_gpio.o(i.GPIO_Init)
    i.GPIO_PinAFConfig                       0x08000a24   Section        0  stm32f4xx_gpio.o(i.GPIO_PinAFConfig)
    i.HardFault_Handler                      0x08000a44   Section        0  stm32f4xx_it.o(i.HardFault_Handler)
    i.MemManage_Handler                      0x08000a46   Section        0  stm32f4xx_it.o(i.MemManage_Handler)
    i.NMI_Handler                            0x08000a48   Section        0  stm32f4xx_it.o(i.NMI_Handler)
    i.NVIC_Init                              0x08000a4c   Section        0  misc.o(i.NVIC_Init)
    i.PendSV_Handler                         0x08000ab0   Section        0  stm32f4xx_it.o(i.PendSV_Handler)
    i.RCC_AHB1PeriphClockCmd                 0x08000ab4   Section        0  stm32f4xx_rcc.o(i.RCC_AHB1PeriphClockCmd)
    i.RCC_APB1PeriphClockCmd                 0x08000acc   Section        0  stm32f4xx_rcc.o(i.RCC_APB1PeriphClockCmd)
    i.RCC_APB2PeriphClockCmd                 0x08000ae4   Section        0  stm32f4xx_rcc.o(i.RCC_APB2PeriphClockCmd)
    i.RCC_GetClocksFreq                      0x08000afc   Section        0  stm32f4xx_rcc.o(i.RCC_GetClocksFreq)
    i.RingBuffer_GetByteFree                 0x08000b8c   Section        0  ring_buffer.o(i.RingBuffer_GetByteFree)
    i.RingBuffer_GetByteUsed                 0x08000b9c   Section        0  ring_buffer.o(i.RingBuffer_GetByteUsed)
    i.RingBuffer_GetChecksum                 0x08000bb2   Section        0  ring_buffer.o(i.RingBuffer_GetChecksum)
    i.RingBuffer_GetValueByIndex             0x08000be4   Section        0  ring_buffer.o(i.RingBuffer_GetValueByIndex)
    i.RingBuffer_Init                        0x08000c0e   Section        0  ring_buffer.o(i.RingBuffer_Init)
    i.RingBuffer_IsEmpty                     0x08000c2e   Section        0  ring_buffer.o(i.RingBuffer_IsEmpty)
    i.RingBuffer_IsFull                      0x08000c48   Section        0  ring_buffer.o(i.RingBuffer_IsFull)
    i.RingBuffer_PeekByte                    0x08000c58   Section        0  ring_buffer.o(i.RingBuffer_PeekByte)
    i.RingBuffer_PeekUShort                  0x08000c82   Section        0  ring_buffer.o(i.RingBuffer_PeekUShort)
    i.RingBuffer_Pop                         0x08000cbc   Section        0  ring_buffer.o(i.RingBuffer_Pop)
    i.RingBuffer_Push                        0x08000ce6   Section        0  ring_buffer.o(i.RingBuffer_Push)
    i.RingBuffer_ReadByte                    0x08000d0c   Section        0  ring_buffer.o(i.RingBuffer_ReadByte)
    i.RingBuffer_ReadByteArray               0x08000d10   Section        0  ring_buffer.o(i.RingBuffer_ReadByteArray)
    i.RingBuffer_ReadUShort                  0x08000d2e   Section        0  ring_buffer.o(i.RingBuffer_ReadUShort)
    i.RingBuffer_WriteByte                   0x08000d3e   Section        0  ring_buffer.o(i.RingBuffer_WriteByte)
    i.RingBuffer_WriteByteArray              0x08000d42   Section        0  ring_buffer.o(i.RingBuffer_WriteByteArray)
    i.RingBuffer_WriteUShort                 0x08000d60   Section        0  ring_buffer.o(i.RingBuffer_WriteUShort)
    i.SVC_Handler                            0x08000d6c   Section        0  stm32f4xx_it.o(i.SVC_Handler)
    i.SetSysClock                            0x08000d70   Section        0  system_stm32f4xx.o(i.SetSysClock)
    SetSysClock                              0x08000d71   Thumb Code   162  system_stm32f4xx.o(i.SetSysClock)
    i.SysTick_Config                         0x08000e24   Section        0  sys_tick.o(i.SysTick_Config)
    SysTick_Config                           0x08000e25   Thumb Code    38  sys_tick.o(i.SysTick_Config)
    i.SysTick_CountdownBegin                 0x08000e50   Section        0  sys_tick.o(i.SysTick_CountdownBegin)
    i.SysTick_CountdownIsTimeout             0x08000e6c   Section        0  sys_tick.o(i.SysTick_CountdownIsTimeout)
    i.SysTick_DelayMs                        0x08000e80   Section        0  sys_tick.o(i.SysTick_DelayMs)
    i.SysTick_Handler                        0x08000e94   Section        0  sys_tick.o(i.SysTick_Handler)
    i.SysTick_Init                           0x08000ea8   Section        0  sys_tick.o(i.SysTick_Init)
    i.SysTick_Wait                           0x08000ed0   Section        0  sys_tick.o(i.SysTick_Wait)
    i.SystemInit                             0x08000ef4   Section        0  system_stm32f4xx.o(i.SystemInit)
    i.USART1_IRQHandler                      0x08000f50   Section        0  usart.o(i.USART1_IRQHandler)
    i.USART2_IRQHandler                      0x08000f80   Section        0  usart.o(i.USART2_IRQHandler)
    i.USART_ClearFlag                        0x08000fb0   Section        0  stm32f4xx_usart.o(i.USART_ClearFlag)
    i.USART_Cmd                              0x08000fb6   Section        0  stm32f4xx_usart.o(i.USART_Cmd)
    i.USART_GetFlagStatus                    0x08000fca   Section        0  stm32f4xx_usart.o(i.USART_GetFlagStatus)
    i.USART_GetITStatus                      0x08000fd8   Section        0  stm32f4xx_usart.o(i.USART_GetITStatus)
    i.USART_ITConfig                         0x08001016   Section        0  stm32f4xx_usart.o(i.USART_ITConfig)
    i.USART_Init                             0x08001048   Section        0  stm32f4xx_usart.o(i.USART_Init)
    i.USART_ReceiveData                      0x080010f4   Section        0  stm32f4xx_usart.o(i.USART_ReceiveData)
    i.USART_SendData                         0x080010fc   Section        0  stm32f4xx_usart.o(i.USART_SendData)
    i.UsageFault_Handler                     0x08001104   Section        0  stm32f4xx_it.o(i.UsageFault_Handler)
    i.Usart_Init                             0x08001108   Section        0  usart.o(i.Usart_Init)
    i.Usart_SendAll                          0x080012c8   Section        0  usart.o(i.Usart_SendAll)
    i.Usart_SendByte                         0x080012e8   Section        0  usart.o(i.Usart_SendByte)
    i.__0printf                              0x08001300   Section        0  printfa.o(i.__0printf)
    i.__scatterload_copy                     0x08001320   Section       14  handlers.o(i.__scatterload_copy)
    i.__scatterload_null                     0x0800132e   Section        2  handlers.o(i.__scatterload_null)
    i.__scatterload_zeroinit                 0x08001330   Section       14  handlers.o(i.__scatterload_zeroinit)
    i._fp_digits                             0x08001340   Section        0  printfa.o(i._fp_digits)
    _fp_digits                               0x08001341   Thumb Code   366  printfa.o(i._fp_digits)
    i._printf_core                           0x080014c4   Section        0  printfa.o(i._printf_core)
    _printf_core                             0x080014c5   Thumb Code  1744  printfa.o(i._printf_core)
    i._printf_post_padding                   0x08001ba0   Section        0  printfa.o(i._printf_post_padding)
    _printf_post_padding                     0x08001ba1   Thumb Code    36  printfa.o(i._printf_post_padding)
    i._printf_pre_padding                    0x08001bc4   Section        0  printfa.o(i._printf_pre_padding)
    _printf_pre_padding                      0x08001bc5   Thumb Code    46  printfa.o(i._printf_pre_padding)
    i.fputc                                  0x08001bf4   Section        0  usart.o(i.fputc)
    i.main                                   0x08001c10   Section        0  main.o(i.main)
    .constdata                               0x08001c20   Section      360  fashion_star_uart_servo.o(.constdata)
    .data                                    0x20000000   Section       20  system_stm32f4xx.o(.data)
    .data                                    0x20000014   Section        4  fashion_star_uart_servo_examples.o(.data)
    .data                                    0x20000018   Section        4  usart.o(.data)
    .data                                    0x2000001c   Section        4  sys_tick.o(.data)
    sysTickCnt                               0x2000001c   Data           4  sys_tick.o(.data)
    .data                                    0x20000020   Section       16  stm32f4xx_rcc.o(.data)
    APBAHBPrescTable                         0x20000020   Data          16  stm32f4xx_rcc.o(.data)
    .bss                                     0x20000030   Section     8272  usart.o(.bss)
    STACK                                    0x20002080   Section     1024  startup_stm32f40_41xxx.o(STACK)

    Global Symbols

    Symbol Name                              Value     Ov Type        Size  Object(Section)

    BuildAttributes$$THM_ISAv4$E$P$D$K$B$S$7EM$VFPi3$EXTD16$VFPS$VFMA$PE$A:L22UL41UL21$X:L11$S22US41US21$IEEE1$IW$USESV6$~STKCKD$USESV7$~SHL$OTIME$ROPI$IEEEX$EBA8$MICROLIB$REQ8$PRES8$EABIv2 0x00000000   Number         0  anon$$obj.o ABSOLUTE
    __ARM_use_no_argv                        0x00000000   Number         0  main.o ABSOLUTE
    __use_no_errno                           0x00000000   Number         0  useno.o ABSOLUTE
    __use_no_exception_handling              0x00000000   Number         0  useno.o ABSOLUTE
    __use_no_fp                              0x00000000   Number         0  useno.o ABSOLUTE
    __use_no_heap                            0x00000000   Number         0  useno.o ABSOLUTE
    __use_no_heap_region                     0x00000000   Number         0  useno.o ABSOLUTE
    __use_no_semihosting                     0x00000000   Number         0  useno.o ABSOLUTE
    __use_no_semihosting_swi                 0x00000000   Number         0  useno.o ABSOLUTE
    __use_no_signal_handling                 0x00000000   Number         0  useno.o ABSOLUTE
    _printf_a                                0x00000000   Number         0  stubs.o ABSOLUTE
    _printf_c                                0x00000000   Number         0  stubs.o ABSOLUTE
    _printf_charcount                        0x00000000   Number         0  stubs.o ABSOLUTE
    _printf_d                                0x00000000   Number         0  stubs.o ABSOLUTE
    _printf_e                                0x00000000   Number         0  stubs.o ABSOLUTE
    _printf_f                                0x00000000   Number         0  stubs.o ABSOLUTE
    _printf_flags                            0x00000000   Number         0  stubs.o ABSOLUTE
    _printf_fp_dec                           0x00000000   Number         0  stubs.o ABSOLUTE
    _printf_fp_hex                           0x00000000   Number         0  stubs.o ABSOLUTE
    _printf_g                                0x00000000   Number         0  stubs.o ABSOLUTE
    _printf_i                                0x00000000   Number         0  stubs.o ABSOLUTE
    _printf_int_dec                          0x00000000   Number         0  stubs.o ABSOLUTE
    _printf_l                                0x00000000   Number         0  stubs.o ABSOLUTE
    _printf_lc                               0x00000000   Number         0  stubs.o ABSOLUTE
    _printf_ll                               0x00000000   Number         0  stubs.o ABSOLUTE
    _printf_lld                              0x00000000   Number         0  stubs.o ABSOLUTE
    _printf_lli                              0x00000000   Number         0  stubs.o ABSOLUTE
    _printf_llo                              0x00000000   Number         0  stubs.o ABSOLUTE
    _printf_llu                              0x00000000   Number         0  stubs.o ABSOLUTE
    _printf_llx                              0x00000000   Number         0  stubs.o ABSOLUTE
    _printf_longlong_dec                     0x00000000   Number         0  stubs.o ABSOLUTE
    _printf_longlong_hex                     0x00000000   Number         0  stubs.o ABSOLUTE
    _printf_longlong_oct                     0x00000000   Number         0  stubs.o ABSOLUTE
    _printf_ls                               0x00000000   Number         0  stubs.o ABSOLUTE
    _printf_mbtowc                           0x00000000   Number         0  stubs.o ABSOLUTE
    _printf_n                                0x00000000   Number         0  stubs.o ABSOLUTE
    _printf_o                                0x00000000   Number         0  stubs.o ABSOLUTE
    _printf_p                                0x00000000   Number         0  stubs.o ABSOLUTE
    _printf_percent                          0x00000000   Number         0  stubs.o ABSOLUTE
    _printf_pre_padding                      0x00000000   Number         0  stubs.o ABSOLUTE
    _printf_return_value                     0x00000000   Number         0  stubs.o ABSOLUTE
    _printf_s                                0x00000000   Number         0  stubs.o ABSOLUTE
    _printf_sizespec                         0x00000000   Number         0  stubs.o ABSOLUTE
    _printf_str                              0x00000000   Number         0  stubs.o ABSOLUTE
    _printf_truncate_signed                  0x00000000   Number         0  stubs.o ABSOLUTE
    _printf_truncate_unsigned                0x00000000   Number         0  stubs.o ABSOLUTE
    _printf_u                                0x00000000   Number         0  stubs.o ABSOLUTE
    _printf_wc                               0x00000000   Number         0  stubs.o ABSOLUTE
    _printf_wctomb                           0x00000000   Number         0  stubs.o ABSOLUTE
    _printf_widthprec                        0x00000000   Number         0  stubs.o ABSOLUTE
    _printf_x                                0x00000000   Number         0  stubs.o ABSOLUTE
    __cpp_initialize__aeabi_                  - Undefined Weak Reference
    __cxa_finalize                            - Undefined Weak Reference
    __decompress                              - Undefined Weak Reference
    _clock_init                               - Undefined Weak Reference
    _microlib_exit                            - Undefined Weak Reference
    __Vectors_Size                           0x00000188   Number         0  startup_stm32f40_41xxx.o ABSOLUTE
    __Vectors                                0x08000000   Data           4  startup_stm32f40_41xxx.o(RESET)
    __Vectors_End                            0x08000188   Data           0  startup_stm32f40_41xxx.o(RESET)
    __main                                   0x08000189   Thumb Code     0  entry.o(.ARM.Collect$$$$00000000)
    _main_stk                                0x08000189   Thumb Code     0  entry2.o(.ARM.Collect$$$$00000001)
    _main_scatterload                        0x0800018d   Thumb Code     0  entry5.o(.ARM.Collect$$$$00000004)
    __main_after_scatterload                 0x08000191   Thumb Code     0  entry5.o(.ARM.Collect$$$$00000004)
    _main_clock                              0x08000191   Thumb Code     0  entry7b.o(.ARM.Collect$$$$00000008)
    _main_cpp_init                           0x08000191   Thumb Code     0  entry8b.o(.ARM.Collect$$$$0000000A)
    _main_init                               0x08000191   Thumb Code     0  entry9a.o(.ARM.Collect$$$$0000000B)
    __rt_final_cpp                           0x08000199   Thumb Code     0  entry10a.o(.ARM.Collect$$$$0000000D)
    __rt_final_exit                          0x08000199   Thumb Code     0  entry11a.o(.ARM.Collect$$$$0000000F)
    Reset_Handler                            0x0800019d   Thumb Code     8  startup_stm32f40_41xxx.o(.text)
    ADC_IRQHandler                           0x080001b7   Thumb Code     0  startup_stm32f40_41xxx.o(.text)
    CAN1_RX0_IRQHandler                      0x080001b7   Thumb Code     0  startup_stm32f40_41xxx.o(.text)
    CAN1_RX1_IRQHandler                      0x080001b7   Thumb Code     0  startup_stm32f40_41xxx.o(.text)
    CAN1_SCE_IRQHandler                      0x080001b7   Thumb Code     0  startup_stm32f40_41xxx.o(.text)
    CAN1_TX_IRQHandler                       0x080001b7   Thumb Code     0  startup_stm32f40_41xxx.o(.text)
    CAN2_RX0_IRQHandler                      0x080001b7   Thumb Code     0  startup_stm32f40_41xxx.o(.text)
    CAN2_RX1_IRQHandler                      0x080001b7   Thumb Code     0  startup_stm32f40_41xxx.o(.text)
    CAN2_SCE_IRQHandler                      0x080001b7   Thumb Code     0  startup_stm32f40_41xxx.o(.text)
    CAN2_TX_IRQHandler                       0x080001b7   Thumb Code     0  startup_stm32f40_41xxx.o(.text)
    CRYP_IRQHandler                          0x080001b7   Thumb Code     0  startup_stm32f40_41xxx.o(.text)
    DCMI_IRQHandler                          0x080001b7   Thumb Code     0  startup_stm32f40_41xxx.o(.text)
    DMA1_Stream0_IRQHandler                  0x080001b7   Thumb Code     0  startup_stm32f40_41xxx.o(.text)
    DMA1_Stream1_IRQHandler                  0x080001b7   Thumb Code     0  startup_stm32f40_41xxx.o(.text)
    DMA1_Stream2_IRQHandler                  0x080001b7   Thumb Code     0  startup_stm32f40_41xxx.o(.text)
    DMA1_Stream3_IRQHandler                  0x080001b7   Thumb Code     0  startup_stm32f40_41xxx.o(.text)
    DMA1_Stream4_IRQHandler                  0x080001b7   Thumb Code     0  startup_stm32f40_41xxx.o(.text)
    DMA1_Stream5_IRQHandler                  0x080001b7   Thumb Code     0  startup_stm32f40_41xxx.o(.text)
    DMA1_Stream6_IRQHandler                  0x080001b7   Thumb Code     0  startup_stm32f40_41xxx.o(.text)
    DMA1_Stream7_IRQHandler                  0x080001b7   Thumb Code     0  startup_stm32f40_41xxx.o(.text)
    DMA2_Stream0_IRQHandler                  0x080001b7   Thumb Code     0  startup_stm32f40_41xxx.o(.text)
    DMA2_Stream1_IRQHandler                  0x080001b7   Thumb Code     0  startup_stm32f40_41xxx.o(.text)
    DMA2_Stream2_IRQHandler                  0x080001b7   Thumb Code     0  startup_stm32f40_41xxx.o(.text)
    DMA2_Stream3_IRQHandler                  0x080001b7   Thumb Code     0  startup_stm32f40_41xxx.o(.text)
    DMA2_Stream4_IRQHandler                  0x080001b7   Thumb Code     0  startup_stm32f40_41xxx.o(.text)
    DMA2_Stream5_IRQHandler                  0x080001b7   Thumb Code     0  startup_stm32f40_41xxx.o(.text)
    DMA2_Stream6_IRQHandler                  0x080001b7   Thumb Code     0  startup_stm32f40_41xxx.o(.text)
    DMA2_Stream7_IRQHandler                  0x080001b7   Thumb Code     0  startup_stm32f40_41xxx.o(.text)
    ETH_IRQHandler                           0x080001b7   Thumb Code     0  startup_stm32f40_41xxx.o(.text)
    ETH_WKUP_IRQHandler                      0x080001b7   Thumb Code     0  startup_stm32f40_41xxx.o(.text)
    EXTI0_IRQHandler                         0x080001b7   Thumb Code     0  startup_stm32f40_41xxx.o(.text)
    EXTI15_10_IRQHandler                     0x080001b7   Thumb Code     0  startup_stm32f40_41xxx.o(.text)
    EXTI1_IRQHandler                         0x080001b7   Thumb Code     0  startup_stm32f40_41xxx.o(.text)
    EXTI2_IRQHandler                         0x080001b7   Thumb Code     0  startup_stm32f40_41xxx.o(.text)
    EXTI3_IRQHandler                         0x080001b7   Thumb Code     0  startup_stm32f40_41xxx.o(.text)
    EXTI4_IRQHandler                         0x080001b7   Thumb Code     0  startup_stm32f40_41xxx.o(.text)
    EXTI9_5_IRQHandler                       0x080001b7   Thumb Code     0  startup_stm32f40_41xxx.o(.text)
    FLASH_IRQHandler                         0x080001b7   Thumb Code     0  startup_stm32f40_41xxx.o(.text)
    FPU_IRQHandler                           0x080001b7   Thumb Code     0  startup_stm32f40_41xxx.o(.text)
    FSMC_IRQHandler                          0x080001b7   Thumb Code     0  startup_stm32f40_41xxx.o(.text)
    HASH_RNG_IRQHandler                      0x080001b7   Thumb Code     0  startup_stm32f40_41xxx.o(.text)
    I2C1_ER_IRQHandler                       0x080001b7   Thumb Code     0  startup_stm32f40_41xxx.o(.text)
    I2C1_EV_IRQHandler                       0x080001b7   Thumb Code     0  startup_stm32f40_41xxx.o(.text)
    I2C2_ER_IRQHandler                       0x080001b7   Thumb Code     0  startup_stm32f40_41xxx.o(.text)
    I2C2_EV_IRQHandler                       0x080001b7   Thumb Code     0  startup_stm32f40_41xxx.o(.text)
    I2C3_ER_IRQHandler                       0x080001b7   Thumb Code     0  startup_stm32f40_41xxx.o(.text)
    I2C3_EV_IRQHandler                       0x080001b7   Thumb Code     0  startup_stm32f40_41xxx.o(.text)
    OTG_FS_IRQHandler                        0x080001b7   Thumb Code     0  startup_stm32f40_41xxx.o(.text)
    OTG_FS_WKUP_IRQHandler                   0x080001b7   Thumb Code     0  startup_stm32f40_41xxx.o(.text)
    OTG_HS_EP1_IN_IRQHandler                 0x080001b7   Thumb Code     0  startup_stm32f40_41xxx.o(.text)
    OTG_HS_EP1_OUT_IRQHandler                0x080001b7   Thumb Code     0  startup_stm32f40_41xxx.o(.text)
    OTG_HS_IRQHandler                        0x080001b7   Thumb Code     0  startup_stm32f40_41xxx.o(.text)
    OTG_HS_WKUP_IRQHandler                   0x080001b7   Thumb Code     0  startup_stm32f40_41xxx.o(.text)
    PVD_IRQHandler                           0x080001b7   Thumb Code     0  startup_stm32f40_41xxx.o(.text)
    RCC_IRQHandler                           0x080001b7   Thumb Code     0  startup_stm32f40_41xxx.o(.text)
    RTC_Alarm_IRQHandler                     0x080001b7   Thumb Code     0  startup_stm32f40_41xxx.o(.text)
    RTC_WKUP_IRQHandler                      0x080001b7   Thumb Code     0  startup_stm32f40_41xxx.o(.text)
    SDIO_IRQHandler                          0x080001b7   Thumb Code     0  startup_stm32f40_41xxx.o(.text)
    SPI1_IRQHandler                          0x080001b7   Thumb Code     0  startup_stm32f40_41xxx.o(.text)
    SPI2_IRQHandler                          0x080001b7   Thumb Code     0  startup_stm32f40_41xxx.o(.text)
    SPI3_IRQHandler                          0x080001b7   Thumb Code     0  startup_stm32f40_41xxx.o(.text)
    TAMP_STAMP_IRQHandler                    0x080001b7   Thumb Code     0  startup_stm32f40_41xxx.o(.text)
    TIM1_BRK_TIM9_IRQHandler                 0x080001b7   Thumb Code     0  startup_stm32f40_41xxx.o(.text)
    TIM1_CC_IRQHandler                       0x080001b7   Thumb Code     0  startup_stm32f40_41xxx.o(.text)
    TIM1_TRG_COM_TIM11_IRQHandler            0x080001b7   Thumb Code     0  startup_stm32f40_41xxx.o(.text)
    TIM1_UP_TIM10_IRQHandler                 0x080001b7   Thumb Code     0  startup_stm32f40_41xxx.o(.text)
    TIM2_IRQHandler                          0x080001b7   Thumb Code     0  startup_stm32f40_41xxx.o(.text)
    TIM3_IRQHandler                          0x080001b7   Thumb Code     0  startup_stm32f40_41xxx.o(.text)
    TIM4_IRQHandler                          0x080001b7   Thumb Code     0  startup_stm32f40_41xxx.o(.text)
    TIM5_IRQHandler                          0x080001b7   Thumb Code     0  startup_stm32f40_41xxx.o(.text)
    TIM6_DAC_IRQHandler                      0x080001b7   Thumb Code     0  startup_stm32f40_41xxx.o(.text)
    TIM7_IRQHandler                          0x080001b7   Thumb Code     0  startup_stm32f40_41xxx.o(.text)
    TIM8_BRK_TIM12_IRQHandler                0x080001b7   Thumb Code     0  startup_stm32f40_41xxx.o(.text)
    TIM8_CC_IRQHandler                       0x080001b7   Thumb Code     0  startup_stm32f40_41xxx.o(.text)
    TIM8_TRG_COM_TIM14_IRQHandler            0x080001b7   Thumb Code     0  startup_stm32f40_41xxx.o(.text)
    TIM8_UP_TIM13_IRQHandler                 0x080001b7   Thumb Code     0  startup_stm32f40_41xxx.o(.text)
    UART4_IRQHandler                         0x080001b7   Thumb Code     0  startup_stm32f40_41xxx.o(.text)
    UART5_IRQHandler                         0x080001b7   Thumb Code     0  startup_stm32f40_41xxx.o(.text)
    USART3_IRQHandler                        0x080001b7   Thumb Code     0  startup_stm32f40_41xxx.o(.text)
    USART6_IRQHandler                        0x080001b7   Thumb Code     0  startup_stm32f40_41xxx.o(.text)
    WWDG_IRQHandler                          0x080001b7   Thumb Code     0  startup_stm32f40_41xxx.o(.text)
    __aeabi_memcpy                           0x080001c1   Thumb Code    36  memcpya.o(.text)
    __aeabi_memcpy4                          0x080001c1   Thumb Code     0  memcpya.o(.text)
    __aeabi_memcpy8                          0x080001c1   Thumb Code     0  memcpya.o(.text)
    __aeabi_dadd                             0x080001e5   Thumb Code   322  dadd.o(.text)
    __aeabi_dsub                             0x08000327   Thumb Code     6  dadd.o(.text)
    __aeabi_drsub                            0x0800032d   Thumb Code     6  dadd.o(.text)
    __aeabi_ddiv                             0x08000333   Thumb Code   222  ddiv.o(.text)
    __aeabi_uidiv                            0x08000411   Thumb Code     0  uidiv.o(.text)
    __aeabi_uidivmod                         0x08000411   Thumb Code    44  uidiv.o(.text)
    __aeabi_uldivmod                         0x0800043d   Thumb Code    98  uldiv.o(.text)
    __aeabi_llsl                             0x0800049f   Thumb Code    30  llshl.o(.text)
    _ll_shift_l                              0x0800049f   Thumb Code     0  llshl.o(.text)
    __aeabi_llsr                             0x080004bd   Thumb Code    32  llushr.o(.text)
    _ll_ushift_r                             0x080004bd   Thumb Code     0  llushr.o(.text)
    __aeabi_lasr                             0x080004dd   Thumb Code    36  llsshr.o(.text)
    _ll_sshift_r                             0x080004dd   Thumb Code     0  llsshr.o(.text)
    __I$use$fp                               0x08000501   Thumb Code     0  iusefp.o(.text)
    _double_round                            0x08000501   Thumb Code    30  depilogue.o(.text)
    _double_epilogue                         0x0800051f   Thumb Code   156  depilogue.o(.text)
    __aeabi_dmul                             0x080005bb   Thumb Code   228  dmul.o(.text)
    __aeabi_d2ulz                            0x0800069f   Thumb Code    48  dfixul.o(.text)
    __aeabi_cdrcmple                         0x080006d1   Thumb Code    48  cdrcmple.o(.text)
    __scatterload                            0x08000701   Thumb Code    28  init.o(.text)
    __scatterload_rt2                        0x08000701   Thumb Code     0  init.o(.text)
    BusFault_Handler                         0x08000725   Thumb Code     2  stm32f4xx_it.o(i.BusFault_Handler)
    DebugMon_Handler                         0x08000727   Thumb Code     2  stm32f4xx_it.o(i.DebugMon_Handler)
    FSUSExample_PingServo                    0x08000729   Thumb Code    48  fashion_star_uart_servo_examples.o(i.FSUSExample_PingServo)
    FSUS_CalcChecksum                        0x080007ad   Thumb Code    46  fashion_star_uart_servo.o(i.FSUS_CalcChecksum)
    FSUS_IsValidResponsePackage              0x080007db   Thumb Code    62  fashion_star_uart_servo.o(i.FSUS_IsValidResponsePackage)
    FSUS_Package2RingBuffer                  0x08000819   Thumb Code    88  fashion_star_uart_servo.o(i.FSUS_Package2RingBuffer)
    FSUS_Ping                                0x08000871   Thumb Code    50  fashion_star_uart_servo.o(i.FSUS_Ping)
    FSUS_RecvPackage                         0x080008a3   Thumb Code   190  fashion_star_uart_servo.o(i.FSUS_RecvPackage)
    FSUS_SendPackage_Common                  0x08000961   Thumb Code    72  fashion_star_uart_servo.o(i.FSUS_SendPackage_Common)
    GPIO_Init                                0x080009ad   Thumb Code   120  stm32f4xx_gpio.o(i.GPIO_Init)
    GPIO_PinAFConfig                         0x08000a25   Thumb Code    32  stm32f4xx_gpio.o(i.GPIO_PinAFConfig)
    HardFault_Handler                        0x08000a45   Thumb Code     2  stm32f4xx_it.o(i.HardFault_Handler)
    MemManage_Handler                        0x08000a47   Thumb Code     2  stm32f4xx_it.o(i.MemManage_Handler)
    NMI_Handler                              0x08000a49   Thumb Code     2  stm32f4xx_it.o(i.NMI_Handler)
    NVIC_Init                                0x08000a4d   Thumb Code    96  misc.o(i.NVIC_Init)
    PendSV_Handler                           0x08000ab1   Thumb Code     2  stm32f4xx_it.o(i.PendSV_Handler)
    RCC_AHB1PeriphClockCmd                   0x08000ab5   Thumb Code    18  stm32f4xx_rcc.o(i.RCC_AHB1PeriphClockCmd)
    RCC_APB1PeriphClockCmd                   0x08000acd   Thumb Code    18  stm32f4xx_rcc.o(i.RCC_APB1PeriphClockCmd)
    RCC_APB2PeriphClockCmd                   0x08000ae5   Thumb Code    18  stm32f4xx_rcc.o(i.RCC_APB2PeriphClockCmd)
    RCC_GetClocksFreq                        0x08000afd   Thumb Code   132  stm32f4xx_rcc.o(i.RCC_GetClocksFreq)
    RingBuffer_GetByteFree                   0x08000b8d   Thumb Code    16  ring_buffer.o(i.RingBuffer_GetByteFree)
    RingBuffer_GetByteUsed                   0x08000b9d   Thumb Code    22  ring_buffer.o(i.RingBuffer_GetByteUsed)
    RingBuffer_GetChecksum                   0x08000bb3   Thumb Code    50  ring_buffer.o(i.RingBuffer_GetChecksum)
    RingBuffer_GetValueByIndex               0x08000be5   Thumb Code    42  ring_buffer.o(i.RingBuffer_GetValueByIndex)
    RingBuffer_Init                          0x08000c0f   Thumb Code    32  ring_buffer.o(i.RingBuffer_Init)
    RingBuffer_IsEmpty                       0x08000c2f   Thumb Code    26  ring_buffer.o(i.RingBuffer_IsEmpty)
    RingBuffer_IsFull                        0x08000c49   Thumb Code    16  ring_buffer.o(i.RingBuffer_IsFull)
    RingBuffer_PeekByte                      0x08000c59   Thumb Code    42  ring_buffer.o(i.RingBuffer_PeekByte)
    RingBuffer_PeekUShort                    0x08000c83   Thumb Code    58  ring_buffer.o(i.RingBuffer_PeekUShort)
    RingBuffer_Pop                           0x08000cbd   Thumb Code    42  ring_buffer.o(i.RingBuffer_Pop)
    RingBuffer_Push                          0x08000ce7   Thumb Code    38  ring_buffer.o(i.RingBuffer_Push)
    RingBuffer_ReadByte                      0x08000d0d   Thumb Code     4  ring_buffer.o(i.RingBuffer_ReadByte)
    RingBuffer_ReadByteArray                 0x08000d11   Thumb Code    30  ring_buffer.o(i.RingBuffer_ReadByteArray)
    RingBuffer_ReadUShort                    0x08000d2f   Thumb Code    16  ring_buffer.o(i.RingBuffer_ReadUShort)
    RingBuffer_WriteByte                     0x08000d3f   Thumb Code     4  ring_buffer.o(i.RingBuffer_WriteByte)
    RingBuffer_WriteByteArray                0x08000d43   Thumb Code    30  ring_buffer.o(i.RingBuffer_WriteByteArray)
    RingBuffer_WriteUShort                   0x08000d61   Thumb Code    12  ring_buffer.o(i.RingBuffer_WriteUShort)
    SVC_Handler                              0x08000d6d   Thumb Code     2  stm32f4xx_it.o(i.SVC_Handler)
    SysTick_CountdownBegin                   0x08000e51   Thumb Code    22  sys_tick.o(i.SysTick_CountdownBegin)
    SysTick_CountdownIsTimeout               0x08000e6d   Thumb Code    14  sys_tick.o(i.SysTick_CountdownIsTimeout)
    SysTick_DelayMs                          0x08000e81   Thumb Code    14  sys_tick.o(i.SysTick_DelayMs)
    SysTick_Handler                          0x08000e95   Thumb Code    14  sys_tick.o(i.SysTick_Handler)
    SysTick_Init                             0x08000ea9   Thumb Code    36  sys_tick.o(i.SysTick_Init)
    SysTick_Wait                             0x08000ed1   Thumb Code    30  sys_tick.o(i.SysTick_Wait)
    SystemInit                               0x08000ef5   Thumb Code    74  system_stm32f4xx.o(i.SystemInit)
    USART1_IRQHandler                        0x08000f51   Thumb Code    40  usart.o(i.USART1_IRQHandler)
    USART2_IRQHandler                        0x08000f81   Thumb Code    38  usart.o(i.USART2_IRQHandler)
    USART_ClearFlag                          0x08000fb1   Thumb Code     6  stm32f4xx_usart.o(i.USART_ClearFlag)
    USART_Cmd                                0x08000fb7   Thumb Code    20  stm32f4xx_usart.o(i.USART_Cmd)
    USART_GetFlagStatus                      0x08000fcb   Thumb Code    14  stm32f4xx_usart.o(i.USART_GetFlagStatus)
    USART_GetITStatus                        0x08000fd9   Thumb Code    62  stm32f4xx_usart.o(i.USART_GetITStatus)
    USART_ITConfig                           0x08001017   Thumb Code    48  stm32f4xx_usart.o(i.USART_ITConfig)
    USART_Init                               0x08001049   Thumb Code   164  stm32f4xx_usart.o(i.USART_Init)
    USART_ReceiveData                        0x080010f5   Thumb Code     8  stm32f4xx_usart.o(i.USART_ReceiveData)
    USART_SendData                           0x080010fd   Thumb Code     8  stm32f4xx_usart.o(i.USART_SendData)
    UsageFault_Handler                       0x08001105   Thumb Code     2  stm32f4xx_it.o(i.UsageFault_Handler)
    Usart_Init                               0x08001109   Thumb Code   422  usart.o(i.Usart_Init)
    Usart_SendAll                            0x080012c9   Thumb Code    32  usart.o(i.Usart_SendAll)
    Usart_SendByte                           0x080012e9   Thumb Code    22  usart.o(i.Usart_SendByte)
    __0printf                                0x08001301   Thumb Code    22  printfa.o(i.__0printf)
    __1printf                                0x08001301   Thumb Code     0  printfa.o(i.__0printf)
    __2printf                                0x08001301   Thumb Code     0  printfa.o(i.__0printf)
    __c89printf                              0x08001301   Thumb Code     0  printfa.o(i.__0printf)
    printf                                   0x08001301   Thumb Code     0  printfa.o(i.__0printf)
    __scatterload_copy                       0x08001321   Thumb Code    14  handlers.o(i.__scatterload_copy)
    __scatterload_null                       0x0800132f   Thumb Code     2  handlers.o(i.__scatterload_null)
    __scatterload_zeroinit                   0x08001331   Thumb Code    14  handlers.o(i.__scatterload_zeroinit)
    fputc                                    0x08001bf5   Thumb Code    24  usart.o(i.fputc)
    main                                     0x08001c11   Thumb Code    14  main.o(i.main)
    Region$$Table$$Base                      0x08001d88   Number         0  anon$$obj.o(Region$$Table)
    Region$$Table$$Limit                     0x08001da8   Number         0  anon$$obj.o(Region$$Table)
    SystemCoreClock                          0x20000000   Data           4  system_stm32f4xx.o(.data)
    AHBPrescTable                            0x20000004   Data          16  system_stm32f4xx.o(.data)
    servo_usart                              0x20000014   Data           4  fashion_star_uart_servo_examples.o(.data)
    __stdout                                 0x20000018   Data           4  usart.o(.data)
    usart1SendBuf                            0x20000030   Data        2049  usart.o(.bss)
    usart1RecvBuf                            0x20000831   Data        2049  usart.o(.bss)
    usart1SendRingBuf                        0x20001034   Data          12  usart.o(.bss)
    usart1RecvRingBuf                        0x20001040   Data          12  usart.o(.bss)
    usart1                                   0x2000104c   Data          12  usart.o(.bss)
    usart2SendBuf                            0x20001058   Data        2049  usart.o(.bss)
    usart2RecvBuf                            0x20001859   Data        2049  usart.o(.bss)
    usart2SendRingBuf                        0x2000205c   Data          12  usart.o(.bss)
    usart2RecvRingBuf                        0x20002068   Data          12  usart.o(.bss)
    usart2                                   0x20002074   Data          12  usart.o(.bss)
    __initial_sp                             0x20002480   Data           0  startup_stm32f40_41xxx.o(STACK)



==============================================================================

Memory Map of the image

  Image Entry point : 0x08000189

  Load Region LR_IROM1 (Base: 0x08000000, Size: 0x00001dd8, Max: 0x00100000, ABSOLUTE)

    Execution Region ER_IROM1 (Exec base: 0x08000000, Load base: 0x08000000, Size: 0x00001da8, Max: 0x00100000, ABSOLUTE)

    Exec Addr    Load Addr    Size         Type   Attr      Idx    E Section Name        Object

    0x08000000   0x08000000   0x00000188   Data   RO          915    RESET               startup_stm32f40_41xxx.o
    0x08000188   0x08000188   0x00000000   Code   RO         1654  * .ARM.Collect$$$$00000000  mc_w.l(entry.o)
    0x08000188   0x08000188   0x00000004   Code   RO         1979    .ARM.Collect$$$$00000001  mc_w.l(entry2.o)
    0x0800018c   0x0800018c   0x00000004   Code   RO         1982    .ARM.Collect$$$$00000004  mc_w.l(entry5.o)
    0x08000190   0x08000190   0x00000000   Code   RO         1984    .ARM.Collect$$$$00000008  mc_w.l(entry7b.o)
    0x08000190   0x08000190   0x00000000   Code   RO         1986    .ARM.Collect$$$$0000000A  mc_w.l(entry8b.o)
    0x08000190   0x08000190   0x00000008   Code   RO         1987    .ARM.Collect$$$$0000000B  mc_w.l(entry9a.o)
    0x08000198   0x08000198   0x00000000   Code   RO         1989    .ARM.Collect$$$$0000000D  mc_w.l(entry10a.o)
    0x08000198   0x08000198   0x00000000   Code   RO         1991    .ARM.Collect$$$$0000000F  mc_w.l(entry11a.o)
    0x08000198   0x08000198   0x00000004   Code   RO         1980    .ARM.Collect$$$$00002712  mc_w.l(entry2.o)
    0x0800019c   0x0800019c   0x00000024   Code   RO          916    .text               startup_stm32f40_41xxx.o
    0x080001c0   0x080001c0   0x00000024   Code   RO         1657    .text               mc_w.l(memcpya.o)
    0x080001e4   0x080001e4   0x0000014e   Code   RO         1950    .text               mf_w.l(dadd.o)
    0x08000332   0x08000332   0x000000de   Code   RO         1952    .text               mf_w.l(ddiv.o)
    0x08000410   0x08000410   0x0000002c   Code   RO         1993    .text               mc_w.l(uidiv.o)
    0x0800043c   0x0800043c   0x00000062   Code   RO         1995    .text               mc_w.l(uldiv.o)
    0x0800049e   0x0800049e   0x0000001e   Code   RO         1997    .text               mc_w.l(llshl.o)
    0x080004bc   0x080004bc   0x00000020   Code   RO         1999    .text               mc_w.l(llushr.o)
    0x080004dc   0x080004dc   0x00000024   Code   RO         2001    .text               mc_w.l(llsshr.o)
    0x08000500   0x08000500   0x00000000   Code   RO         2012    .text               mc_w.l(iusefp.o)
    0x08000500   0x08000500   0x000000ba   Code   RO         2015    .text               mf_w.l(depilogue.o)
    0x080005ba   0x080005ba   0x000000e4   Code   RO         2017    .text               mf_w.l(dmul.o)
    0x0800069e   0x0800069e   0x00000030   Code   RO         2021    .text               mf_w.l(dfixul.o)
    0x080006ce   0x080006ce   0x00000002   PAD
    0x080006d0   0x080006d0   0x00000030   Code   RO         2025    .text               mf_w.l(cdrcmple.o)
    0x08000700   0x08000700   0x00000024   Code   RO         2027    .text               mc_w.l(init.o)
    0x08000724   0x08000724   0x00000002   Code   RO          165    i.BusFault_Handler  stm32f4xx_it.o
    0x08000726   0x08000726   0x00000002   Code   RO          166    i.DebugMon_Handler  stm32f4xx_it.o
    0x08000728   0x08000728   0x00000084   Code   RO          295    i.FSUSExample_PingServo  fashion_star_uart_servo_examples.o
    0x080007ac   0x080007ac   0x0000002e   Code   RO          648    i.FSUS_CalcChecksum  fashion_star_uart_servo.o
    0x080007da   0x080007da   0x0000003e   Code   RO          651    i.FSUS_IsValidResponsePackage  fashion_star_uart_servo.o
    0x08000818   0x08000818   0x00000058   Code   RO          652    i.FSUS_Package2RingBuffer  fashion_star_uart_servo.o
    0x08000870   0x08000870   0x00000032   Code   RO          653    i.FSUS_Ping         fashion_star_uart_servo.o
    0x080008a2   0x080008a2   0x000000be   Code   RO          657    i.FSUS_RecvPackage  fashion_star_uart_servo.o
    0x08000960   0x08000960   0x0000004c   Code   RO          660    i.FSUS_SendPackage_Common  fashion_star_uart_servo.o
    0x080009ac   0x080009ac   0x00000078   Code   RO          967    i.GPIO_Init         stm32f4xx_gpio.o
    0x08000a24   0x08000a24   0x00000020   Code   RO          968    i.GPIO_PinAFConfig  stm32f4xx_gpio.o
    0x08000a44   0x08000a44   0x00000002   Code   RO          167    i.HardFault_Handler  stm32f4xx_it.o
    0x08000a46   0x08000a46   0x00000002   Code   RO          168    i.MemManage_Handler  stm32f4xx_it.o
    0x08000a48   0x08000a48   0x00000002   Code   RO          169    i.NMI_Handler       stm32f4xx_it.o
    0x08000a4a   0x08000a4a   0x00000002   PAD
    0x08000a4c   0x08000a4c   0x00000064   Code   RO          922    i.NVIC_Init         misc.o
    0x08000ab0   0x08000ab0   0x00000002   Code   RO          170    i.PendSV_Handler    stm32f4xx_it.o
    0x08000ab2   0x08000ab2   0x00000002   PAD
    0x08000ab4   0x08000ab4   0x00000018   Code   RO         1064    i.RCC_AHB1PeriphClockCmd  stm32f4xx_rcc.o
    0x08000acc   0x08000acc   0x00000018   Code   RO         1073    i.RCC_APB1PeriphClockCmd  stm32f4xx_rcc.o
    0x08000ae4   0x08000ae4   0x00000018   Code   RO         1076    i.RCC_APB2PeriphClockCmd  stm32f4xx_rcc.o
    0x08000afc   0x08000afc   0x00000090   Code   RO         1085    i.RCC_GetClocksFreq  stm32f4xx_rcc.o
    0x08000b8c   0x08000b8c   0x00000010   Code   RO          385    i.RingBuffer_GetByteFree  ring_buffer.o
    0x08000b9c   0x08000b9c   0x00000016   Code   RO          386    i.RingBuffer_GetByteUsed  ring_buffer.o
    0x08000bb2   0x08000bb2   0x00000032   Code   RO          388    i.RingBuffer_GetChecksum  ring_buffer.o
    0x08000be4   0x08000be4   0x0000002a   Code   RO          389    i.RingBuffer_GetValueByIndex  ring_buffer.o
    0x08000c0e   0x08000c0e   0x00000020   Code   RO          390    i.RingBuffer_Init   ring_buffer.o
    0x08000c2e   0x08000c2e   0x0000001a   Code   RO          391    i.RingBuffer_IsEmpty  ring_buffer.o
    0x08000c48   0x08000c48   0x00000010   Code   RO          392    i.RingBuffer_IsFull  ring_buffer.o
    0x08000c58   0x08000c58   0x0000002a   Code   RO          393    i.RingBuffer_PeekByte  ring_buffer.o
    0x08000c82   0x08000c82   0x0000003a   Code   RO          394    i.RingBuffer_PeekUShort  ring_buffer.o
    0x08000cbc   0x08000cbc   0x0000002a   Code   RO          395    i.RingBuffer_Pop    ring_buffer.o
    0x08000ce6   0x08000ce6   0x00000026   Code   RO          396    i.RingBuffer_Push   ring_buffer.o
    0x08000d0c   0x08000d0c   0x00000004   Code   RO          397    i.RingBuffer_ReadByte  ring_buffer.o
    0x08000d10   0x08000d10   0x0000001e   Code   RO          398    i.RingBuffer_ReadByteArray  ring_buffer.o
    0x08000d2e   0x08000d2e   0x00000010   Code   RO          403    i.RingBuffer_ReadUShort  ring_buffer.o
    0x08000d3e   0x08000d3e   0x00000004   Code   RO          406    i.RingBuffer_WriteByte  ring_buffer.o
    0x08000d42   0x08000d42   0x0000001e   Code   RO          407    i.RingBuffer_WriteByteArray  ring_buffer.o
    0x08000d60   0x08000d60   0x0000000c   Code   RO          412    i.RingBuffer_WriteUShort  ring_buffer.o
    0x08000d6c   0x08000d6c   0x00000002   Code   RO          171    i.SVC_Handler       stm32f4xx_it.o
    0x08000d6e   0x08000d6e   0x00000002   PAD
    0x08000d70   0x08000d70   0x000000b4   Code   RO          256    i.SetSysClock       system_stm32f4xx.o
    0x08000e24   0x08000e24   0x0000002c   Code   RO          837    i.SysTick_Config    sys_tick.o
    0x08000e50   0x08000e50   0x0000001c   Code   RO          838    i.SysTick_CountdownBegin  sys_tick.o
    0x08000e6c   0x08000e6c   0x00000014   Code   RO          840    i.SysTick_CountdownIsTimeout  sys_tick.o
    0x08000e80   0x08000e80   0x00000014   Code   RO          841    i.SysTick_DelayMs   sys_tick.o
    0x08000e94   0x08000e94   0x00000014   Code   RO          844    i.SysTick_Handler   sys_tick.o
    0x08000ea8   0x08000ea8   0x00000028   Code   RO          845    i.SysTick_Init      sys_tick.o
    0x08000ed0   0x08000ed0   0x00000024   Code   RO          846    i.SysTick_Wait      sys_tick.o
    0x08000ef4   0x08000ef4   0x0000005c   Code   RO          258    i.SystemInit        system_stm32f4xx.o
    0x08000f50   0x08000f50   0x00000030   Code   RO          562    i.USART1_IRQHandler  usart.o
    0x08000f80   0x08000f80   0x00000030   Code   RO          563    i.USART2_IRQHandler  usart.o
    0x08000fb0   0x08000fb0   0x00000006   Code   RO         1454    i.USART_ClearFlag   stm32f4xx_usart.o
    0x08000fb6   0x08000fb6   0x00000014   Code   RO         1458    i.USART_Cmd         stm32f4xx_usart.o
    0x08000fca   0x08000fca   0x0000000e   Code   RO         1461    i.USART_GetFlagStatus  stm32f4xx_usart.o
    0x08000fd8   0x08000fd8   0x0000003e   Code   RO         1462    i.USART_GetITStatus  stm32f4xx_usart.o
    0x08001016   0x08001016   0x00000030   Code   RO         1464    i.USART_ITConfig    stm32f4xx_usart.o
    0x08001046   0x08001046   0x00000002   PAD
    0x08001048   0x08001048   0x000000ac   Code   RO         1465    i.USART_Init        stm32f4xx_usart.o
    0x080010f4   0x080010f4   0x00000008   Code   RO         1472    i.USART_ReceiveData  stm32f4xx_usart.o
    0x080010fc   0x080010fc   0x00000008   Code   RO         1475    i.USART_SendData    stm32f4xx_usart.o
    0x08001104   0x08001104   0x00000002   Code   RO          172    i.UsageFault_Handler  stm32f4xx_it.o
    0x08001106   0x08001106   0x00000002   PAD
    0x08001108   0x08001108   0x000001c0   Code   RO          564    i.Usart_Init        usart.o
    0x080012c8   0x080012c8   0x00000020   Code   RO          565    i.Usart_SendAll     usart.o
    0x080012e8   0x080012e8   0x00000016   Code   RO          566    i.Usart_SendByte    usart.o
    0x080012fe   0x080012fe   0x00000002   PAD
    0x08001300   0x08001300   0x00000020   Code   RO         1894    i.__0printf         mc_w.l(printfa.o)
    0x08001320   0x08001320   0x0000000e   Code   RO         2031    i.__scatterload_copy  mc_w.l(handlers.o)
    0x0800132e   0x0800132e   0x00000002   Code   RO         2032    i.__scatterload_null  mc_w.l(handlers.o)
    0x08001330   0x08001330   0x0000000e   Code   RO         2033    i.__scatterload_zeroinit  mc_w.l(handlers.o)
    0x0800133e   0x0800133e   0x00000002   PAD
    0x08001340   0x08001340   0x00000184   Code   RO         1901    i._fp_digits        mc_w.l(printfa.o)
    0x080014c4   0x080014c4   0x000006dc   Code   RO         1902    i._printf_core      mc_w.l(printfa.o)
    0x08001ba0   0x08001ba0   0x00000024   Code   RO         1903    i._printf_post_padding  mc_w.l(printfa.o)
    0x08001bc4   0x08001bc4   0x0000002e   Code   RO         1904    i._printf_pre_padding  mc_w.l(printfa.o)
    0x08001bf2   0x08001bf2   0x00000002   PAD
    0x08001bf4   0x08001bf4   0x0000001c   Code   RO          571    i.fputc             usart.o
    0x08001c10   0x08001c10   0x0000000e   Code   RO            3    i.main              main.o
    0x08001c1e   0x08001c1e   0x00000002   PAD
    0x08001c20   0x08001c20   0x00000168   Data   RO          677    .constdata          fashion_star_uart_servo.o
    0x08001d88   0x08001d88   0x00000020   Data   RO         2029    Region$$Table       anon$$obj.o


    Execution Region RW_IRAM1 (Exec base: 0x20000000, Load base: 0x08001da8, Size: 0x00002480, Max: 0x00020000, ABSOLUTE)

    Exec Addr    Load Addr    Size         Type   Attr      Idx    E Section Name        Object

    0x20000000   0x08001da8   0x00000014   Data   RW          259    .data               system_stm32f4xx.o
    0x20000014   0x08001dbc   0x00000004   Data   RW          305    .data               fashion_star_uart_servo_examples.o
    0x20000018   0x08001dc0   0x00000004   Data   RW          573    .data               usart.o
    0x2000001c   0x08001dc4   0x00000004   Data   RW          847    .data               sys_tick.o
    0x20000020   0x08001dc8   0x00000010   Data   RW         1117    .data               stm32f4xx_rcc.o
    0x20000030        -       0x00002050   Zero   RW          572    .bss                usart.o
    0x20002080        -       0x00000400   Zero   RW          913    STACK               startup_stm32f40_41xxx.o


==============================================================================

Image component sizes


      Code (inc. data)   RO Data    RW Data    ZI Data      Debug   Object Name

       512          4        360          0          0       9277   fashion_star_uart_servo.o
       132         84          0          4          0       1598   fashion_star_uart_servo_examples.o
        14          0          0          0          0     264459   main.o
       100          4          0          0          0       1068   misc.o
       480          0          0          0          0      12436   ring_buffer.o
        36          8        392          0       1024        864   startup_stm32f40_41xxx.o
       152          0          0          0          0       1843   stm32f4xx_gpio.o
        16          0          0          0          0       3796   stm32f4xx_it.o
       216         30          0         16          0       4879   stm32f4xx_rcc.o
       338          8          0          0          0       6459   stm32f4xx_usart.o
       208         40          0          4          0      30893   sys_tick.o
       272         36          0         20          0       1865   system_stm32f4xx.o
       626         48          0          4       8272       7258   usart.o

    ----------------------------------------------------------------------
      3116        262        784         48       9296     346695   Object Totals
         0          0         32          0          0          0   (incl. Generated)
        14          0          0          0          0          0   (incl. Padding)

    ----------------------------------------------------------------------

      Code (inc. data)   RO Data    RW Data    ZI Data      Debug   Library Member Name

         0          0          0          0          0          0   entry.o
         0          0          0          0          0          0   entry10a.o
         0          0          0          0          0          0   entry11a.o
         8          4          0          0          0          0   entry2.o
         4          0          0          0          0          0   entry5.o
         0          0          0          0          0          0   entry7b.o
         0          0          0          0          0          0   entry8b.o
         8          4          0          0          0          0   entry9a.o
        30          0          0          0          0          0   handlers.o
        36          8          0          0          0         68   init.o
         0          0          0          0          0          0   iusefp.o
        30          0          0          0          0         68   llshl.o
        36          0          0          0          0         68   llsshr.o
        32          0          0          0          0         68   llushr.o
        36          0          0          0          0         68   memcpya.o
      2258         90          0          0          0        452   printfa.o
        44          0          0          0          0         80   uidiv.o
        98          0          0          0          0         92   uldiv.o
        48          0          0          0          0         68   cdrcmple.o
       334          0          0          0          0        148   dadd.o
       222          0          0          0          0        100   ddiv.o
       186          0          0          0          0        176   depilogue.o
        48          0          0          0          0         68   dfixul.o
       228          0          0          0          0         96   dmul.o

    ----------------------------------------------------------------------
      3692        106          0          0          0       1620   Library Totals
         6          0          0          0          0          0   (incl. Padding)

    ----------------------------------------------------------------------

      Code (inc. data)   RO Data    RW Data    ZI Data      Debug   Library Name

      2620        106          0          0          0        964   mc_w.l
      1066          0          0          0          0        656   mf_w.l

    ----------------------------------------------------------------------
      3692        106          0          0          0       1620   Library Totals

    ----------------------------------------------------------------------

==============================================================================


      Code (inc. data)   RO Data    RW Data    ZI Data      Debug   

      6808        368        784         48       9296     342287   Grand Totals
      6808        368        784         48       9296     342287   ELF Image Totals
      6808        368        784         48          0          0   ROM Totals

==============================================================================

    Total RO  Size (Code + RO Data)                 7592 (   7.41kB)
    Total RW  Size (RW Data + ZI Data)              9344 (   9.13kB)
    Total ROM Size (Code + RO Data + RW Data)       7640 (   7.46kB)

==============================================================================

